Archive member included to satisfy reference by file (symbol)

G:/trueg/stm/STM32CubeIDE_1.16.0/STM32CubeIDE/plugins/com.st.stm32cube.ide.mcu.externaltools.gnu-tools-for-stm32.12.3.rel1.win32_1.0.200.202406191623/tools/bin/../lib/gcc/arm-none-eabi/12.3.1/../../../../arm-none-eabi/lib/thumb/v7e-m+fp/hard\libc_nano.a(libc_a-exit.o)
                              G:/trueg/stm/STM32CubeIDE_1.16.0/STM32CubeIDE/plugins/com.st.stm32cube.ide.mcu.externaltools.gnu-tools-for-stm32.12.3.rel1.win32_1.0.200.202406191623/tools/bin/../lib/gcc/arm-none-eabi/12.3.1/../../../../arm-none-eabi/lib/thumb/v7e-m+fp/hard/crt0.o (exit)
G:/trueg/stm/STM32CubeIDE_1.16.0/STM32CubeIDE/plugins/com.st.stm32cube.ide.mcu.externaltools.gnu-tools-for-stm32.12.3.rel1.win32_1.0.200.202406191623/tools/bin/../lib/gcc/arm-none-eabi/12.3.1/../../../../arm-none-eabi/lib/thumb/v7e-m+fp/hard\libc_nano.a(libc_a-findfp.o)
                              G:/trueg/stm/STM32CubeIDE_1.16.0/STM32CubeIDE/plugins/com.st.stm32cube.ide.mcu.externaltools.gnu-tools-for-stm32.12.3.rel1.win32_1.0.200.202406191623/tools/bin/../lib/gcc/arm-none-eabi/12.3.1/../../../../arm-none-eabi/lib/thumb/v7e-m+fp/hard\libc_nano.a(libc_a-exit.o) (__stdio_exit_handler)
G:/trueg/stm/STM32CubeIDE_1.16.0/STM32CubeIDE/plugins/com.st.stm32cube.ide.mcu.externaltools.gnu-tools-for-stm32.12.3.rel1.win32_1.0.200.202406191623/tools/bin/../lib/gcc/arm-none-eabi/12.3.1/../../../../arm-none-eabi/lib/thumb/v7e-m+fp/hard\libc_nano.a(libc_a-fwalk.o)
                              G:/trueg/stm/STM32CubeIDE_1.16.0/STM32CubeIDE/plugins/com.st.stm32cube.ide.mcu.externaltools.gnu-tools-for-stm32.12.3.rel1.win32_1.0.200.202406191623/tools/bin/../lib/gcc/arm-none-eabi/12.3.1/../../../../arm-none-eabi/lib/thumb/v7e-m+fp/hard\libc_nano.a(libc_a-findfp.o) (_fwalk_sglue)
G:/trueg/stm/STM32CubeIDE_1.16.0/STM32CubeIDE/plugins/com.st.stm32cube.ide.mcu.externaltools.gnu-tools-for-stm32.12.3.rel1.win32_1.0.200.202406191623/tools/bin/../lib/gcc/arm-none-eabi/12.3.1/../../../../arm-none-eabi/lib/thumb/v7e-m+fp/hard\libc_nano.a(libc_a-stdio.o)
                              G:/trueg/stm/STM32CubeIDE_1.16.0/STM32CubeIDE/plugins/com.st.stm32cube.ide.mcu.externaltools.gnu-tools-for-stm32.12.3.rel1.win32_1.0.200.202406191623/tools/bin/../lib/gcc/arm-none-eabi/12.3.1/../../../../arm-none-eabi/lib/thumb/v7e-m+fp/hard\libc_nano.a(libc_a-findfp.o) (__sread)
G:/trueg/stm/STM32CubeIDE_1.16.0/STM32CubeIDE/plugins/com.st.stm32cube.ide.mcu.externaltools.gnu-tools-for-stm32.12.3.rel1.win32_1.0.200.202406191623/tools/bin/../lib/gcc/arm-none-eabi/12.3.1/../../../../arm-none-eabi/lib/thumb/v7e-m+fp/hard\libc_nano.a(libc_a-memset.o)
                              G:/trueg/stm/STM32CubeIDE_1.16.0/STM32CubeIDE/plugins/com.st.stm32cube.ide.mcu.externaltools.gnu-tools-for-stm32.12.3.rel1.win32_1.0.200.202406191623/tools/bin/../lib/gcc/arm-none-eabi/12.3.1/../../../../arm-none-eabi/lib/thumb/v7e-m+fp/hard/crt0.o (memset)
G:/trueg/stm/STM32CubeIDE_1.16.0/STM32CubeIDE/plugins/com.st.stm32cube.ide.mcu.externaltools.gnu-tools-for-stm32.12.3.rel1.win32_1.0.200.202406191623/tools/bin/../lib/gcc/arm-none-eabi/12.3.1/../../../../arm-none-eabi/lib/thumb/v7e-m+fp/hard\libc_nano.a(libc_a-closer.o)
                              G:/trueg/stm/STM32CubeIDE_1.16.0/STM32CubeIDE/plugins/com.st.stm32cube.ide.mcu.externaltools.gnu-tools-for-stm32.12.3.rel1.win32_1.0.200.202406191623/tools/bin/../lib/gcc/arm-none-eabi/12.3.1/../../../../arm-none-eabi/lib/thumb/v7e-m+fp/hard\libc_nano.a(libc_a-stdio.o) (_close_r)
G:/trueg/stm/STM32CubeIDE_1.16.0/STM32CubeIDE/plugins/com.st.stm32cube.ide.mcu.externaltools.gnu-tools-for-stm32.12.3.rel1.win32_1.0.200.202406191623/tools/bin/../lib/gcc/arm-none-eabi/12.3.1/../../../../arm-none-eabi/lib/thumb/v7e-m+fp/hard\libc_nano.a(libc_a-reent.o)
                              G:/trueg/stm/STM32CubeIDE_1.16.0/STM32CubeIDE/plugins/com.st.stm32cube.ide.mcu.externaltools.gnu-tools-for-stm32.12.3.rel1.win32_1.0.200.202406191623/tools/bin/../lib/gcc/arm-none-eabi/12.3.1/../../../../arm-none-eabi/lib/thumb/v7e-m+fp/hard\libc_nano.a(libc_a-closer.o) (errno)
G:/trueg/stm/STM32CubeIDE_1.16.0/STM32CubeIDE/plugins/com.st.stm32cube.ide.mcu.externaltools.gnu-tools-for-stm32.12.3.rel1.win32_1.0.200.202406191623/tools/bin/../lib/gcc/arm-none-eabi/12.3.1/../../../../arm-none-eabi/lib/thumb/v7e-m+fp/hard\libc_nano.a(libc_a-impure.o)
                              G:/trueg/stm/STM32CubeIDE_1.16.0/STM32CubeIDE/plugins/com.st.stm32cube.ide.mcu.externaltools.gnu-tools-for-stm32.12.3.rel1.win32_1.0.200.202406191623/tools/bin/../lib/gcc/arm-none-eabi/12.3.1/../../../../arm-none-eabi/lib/thumb/v7e-m+fp/hard\libc_nano.a(libc_a-reent.o) (_impure_ptr)
G:/trueg/stm/STM32CubeIDE_1.16.0/STM32CubeIDE/plugins/com.st.stm32cube.ide.mcu.externaltools.gnu-tools-for-stm32.12.3.rel1.win32_1.0.200.202406191623/tools/bin/../lib/gcc/arm-none-eabi/12.3.1/../../../../arm-none-eabi/lib/thumb/v7e-m+fp/hard\libc_nano.a(libc_a-lseekr.o)
[...]
Memory Configuration

Name             Origin             Length             Attributes
RAM              0x20000000         0x00020000         xrw
FLASH            0x08000000         0x00080000         xr
*default*        0x00000000         0xffffffff

Linker script and memory map

LOAD G:/trueg/stm/STM32CubeIDE_1.16.0/STM32CubeIDE/plugins/com.st.stm32cube.ide.mcu.externaltools.gnu-tools-for-stm32.12.3.rel1.win32_1.0.200.202406191623/tools/bin/../lib/gcc/arm-none-eabi/12.3.1/thumb/v7e-m+fp/hard/crti.o
LOAD G:/trueg/stm/STM32CubeIDE_1.16.0/STM32CubeIDE/plugins/com.st.stm32cube.ide.mcu.externaltools.gnu-tools-for-stm32.12.3.rel1.win32_1.0.200.202406191623/tools/bin/../lib/gcc/arm-none-eabi/12.3.1/thumb/v7e-m+fp/hard/crtbegin.o
LOAD G:/trueg/stm/STM32CubeIDE_1.16.0/STM32CubeIDE/plugins/com.st.stm32cube.ide.mcu.externaltools.gnu-tools-for-stm32.12.3.rel1.win32_1.0.200.202406191623/tools/bin/../lib/gcc/arm-none-eabi/12.3.1/../../../../arm-none-eabi/lib/thumb/v7e-m+fp/hard/crt0.o
LOAD ./Core/Src/dac.o
LOAD ./Core/Src/dma.o
LOAD ./Core/Src/gpio.o
LOAD ./Core/Src/main.o
LOAD ./Core/Src/stm32f4xx_hal_msp.o
LOAD ./Core/Src/stm32f4xx_it.o
LOAD ./Core/Src/syscalls.o
LOAD ./Core/Src/sysmem.o
LOAD ./Core/Src/system_stm32f4xx.o
LOAD ./Core/Src/tim.o
LOAD ./Core/Src/usart.o
LOAD ./Core/Startup/startup_stm32f446retx.o
LOAD ./Drivers/STM32F4xx_HAL_Driver/Src/stm32f4xx_hal.o
LOAD ./Drivers/STM32F4xx_HAL_Driver/Src/stm32f4xx_hal_cortex.o
LOAD ./Drivers/STM32F4xx_HAL_Driver/Src/stm32f4xx_hal_dac.o
LOAD ./Drivers/STM32F4xx_HAL_Driver/Src/stm32f4xx_hal_dac_ex.o
LOAD ./Drivers/STM32F4xx_HAL_Driver/Src/stm32f4xx_hal_dma.o
LOAD ./Drivers/STM32F4xx_HAL_Driver/Src/stm32f4xx_hal_dma_ex.o
LOAD ./Drivers/STM32F4xx_HAL_Driver/Src/stm32f4xx_hal_exti.o
LOAD ./Drivers/STM32F4xx_HAL_Driver/Src/stm32f4xx_hal_flash.o
LOAD ./Drivers/STM32F4xx_HAL_Driver/Src/stm32f4xx_hal_flash_ex.o
LOAD ./Drivers/STM32F4xx_HAL_Driver/Src/stm32f4xx_hal_flash_ramfunc.o
LOAD ./Drivers/STM32F4xx_HAL_Driver/Src/stm32f4xx_hal_gpio.o
LOAD ./Drivers/STM32F4xx_HAL_Driver/Src/stm32f4xx_hal_pwr.o
LOAD ./Drivers/STM32F4xx_HAL_Driver/Src/stm32f4xx_hal_pwr_ex.o
LOAD ./Drivers/STM32F4xx_HAL_Driver/Src/stm32f4xx_hal_rcc.o
LOAD ./Drivers/STM32F4xx_HAL_Driver/Src/stm32f4xx_hal_rcc_ex.o
LOAD ./Drivers/STM32F4xx_HAL_Driver/Src/stm32f4xx_hal_tim.o
LOAD ./Drivers/STM32F4xx_HAL_Driver/Src/stm32f4xx_hal_tim_ex.o
LOAD ./Drivers/STM32F4xx_HAL_Driver/Src/stm32f4xx_hal_uart.o
START GROUP
LOAD G:/trueg/stm/STM32CubeIDE_1.16.0/STM32CubeIDE/plugins/com.st.stm32cube.ide.mcu.externaltools.gnu-tools-for-stm32.12.3.rel1.win32_1.0.200.202406191623/tools/bin/../lib/gcc/arm-none-eabi/12.3.1/../../../../arm-none-eabi/lib/thumb/v7e-m+fp/hard\libc_nano.a
LOAD G:/trueg/stm/STM32CubeIDE_1.16.0/STM32CubeIDE/plugins/com.st.stm32cube.ide.mcu.externaltools.gnu-tools-for-stm32.12.3.rel1.win32_1.0.200.202406191623/tools/bin/../lib/gcc/arm-none-eabi/12.3.1/../../../../arm-none-eabi/lib/thumb/v7e-m+fp/hard\libm.a
END GROUP
START GROUP
LOAD G:/trueg/stm/STM32CubeIDE_1.16.0/STM32CubeIDE/plugins/com.st.stm32cube.ide.mcu.externaltools.gnu-tools-for-stm32.12.3.rel1.win32_1.0.200.202406191623/tools/bin/../lib/gcc/arm-none-eabi/12.3.1/thumb/v7e-m+fp/hard\libgcc.a
LOAD G:/trueg/stm/STM32CubeIDE_1.16.0/STM32CubeIDE/plugins/com.st.stm32cube.ide.mcu.externaltools.gnu-tools-for-stm32.12.3.rel1.win32_1.0.200.202406191623/tools/bin/../lib/gcc/arm-none-eabi/12.3.1/../../../../arm-none-eabi/lib/thumb/v7e-m+fp/hard\libc_nano.a
END GROUP
START GROUP
LOAD G:/trueg/stm/STM32CubeIDE_1.16.0/STM32CubeIDE/plugins/com.st.stm32cube.ide.mcu.externaltools.gnu-tools-for-stm32.12.3.rel1.win32_1.0.200.202406191623/tools/bin/../lib/gcc/arm-none-eabi/12.3.1/thumb/v7e-m+fp/hard\libgcc.a
LOAD G:/trueg/stm/STM32CubeIDE_1.16.0/STM32CubeIDE/plugins/com.st.stm32cube.ide.mcu.externaltools.gnu-tools-for-stm32.12.3.rel1.win32_1.0.200.202406191623/tools/bin/../lib/gcc/arm-none-eabi/12.3.1/../../../../arm-none-eabi/lib/thumb/v7e-m+fp/hard\libc_nano.a
LOAD G:/trueg/stm/STM32CubeIDE_1.16.0/STM32CubeIDE/plugins/com.st.stm32cube.ide.mcu.externaltools.gnu-tools-for-stm32.12.3.rel1.win32_1.0.200.202406191623/tools/bin/../lib/gcc/arm-none-eabi/12.3.1/../../../../arm-none-eabi/lib/thumb/v7e-m+fp/hard\libnosys.a
END GROUP
START GROUP
LOAD G:/trueg/stm/STM32CubeIDE_1.16.0/STM32CubeIDE/plugins/com.st.stm32cube.ide.mcu.externaltools.gnu-tools-for-stm32.12.3.rel1.win32_1.0.200.202406191623/tools/bin/../lib/gcc/arm-none-eabi/12.3.1/thumb/v7e-m+fp/hard\libgcc.a
LOAD G:/trueg/stm/STM32CubeIDE_1.16.0/STM32CubeIDE/plugins/com.st.stm32cube.ide.mcu.externaltools.gnu-tools-for-stm32.12.3.rel1.win32_1.0.200.202406191623/tools/bin/../lib/gcc/arm-none-eabi/12.3.1/../../../../arm-none-eabi/lib/thumb/v7e-m+fp/hard\libc_nano.a
LOAD G:/trueg/stm/STM32CubeIDE_1.16.0/STM32CubeIDE/plugins/com.st.stm32cube.ide.mcu.externaltools.gnu-tools-for-stm32.12.3.rel1.win32_1.0.200.202406191623/tools/bin/../lib/gcc/arm-none-eabi/12.3.1/../../../../arm-none-eabi/lib/thumb/v7e-m+fp/hard\libnosys.a
END GROUP
LOAD G:/trueg/stm/STM32CubeIDE_1.16.0/STM32CubeIDE/plugins/com.st.stm32cube.ide.mcu.externaltools.gnu-tools-for-stm32.12.3.rel1.win32_1.0.200.202406191623/tools/bin/../lib/gcc/arm-none-eabi/12.3.1/thumb/v7e-m+fp/hard/crtend.o
LOAD G:/trueg/stm/STM32CubeIDE_1.16.0/STM32CubeIDE/plugins/com.st.stm32cube.ide.mcu.externaltools.gnu-tools-for-stm32.12.3.rel1.win32_1.0.200.202406191623/tools/bin/../lib/gcc/arm-none-eabi/12.3.1/thumb/v7e-m+fp/hard/crtn.o
                0x20020000                        _estack = (ORIGIN (RAM) + LENGTH (RAM))
                0x00000200                        _Min_Heap_Size = 0x200
                0x00000400                        _Min_Stack_Size = 0x400

.isr_vector     0x08000000      0x1c4
                0x08000000                        . = ALIGN (0x4)
 *(.isr_vector)
 .isr_vector    0x08000000      0x1c4 ./Core/Startup/startup_stm32f446retx.o
                0x08000000                g_pfnVectors
                0x080001c4                        . = ALIGN (0x4)

.text           0x080001c4     0x5768
                0x080001c4                        . = ALIGN (0x4)
 *(.text)
 .text          0x080001c4       0x40 G:/trueg/stm/STM32CubeIDE_1.16.0/STM32CubeIDE/plugins/com.st.stm32cube.ide.mcu.externaltools.gnu-tools-for-stm32.12.3.rel1.win32_1.0.200.202406191623/tools/bin/../lib/gcc/arm-none-eabi/12.3.1/thumb/v7e-m+fp/hard/crtbegin.o
 .text          0x08000204       0x30 G:/trueg/stm/STM32CubeIDE_1.16.0/STM32CubeIDE/plugins/com.st.stm32cube.ide.mcu.externaltools.gnu-tools-for-stm32.12.3.rel1.win32_1.0.200.202406191623/tools/bin/../lib/gcc/arm-none-eabi/12.3.1/thumb/v7e-m+fp/hard\libgcc.a(_aeabi_uldivmod.o)
                0x08000204                __aeabi_uldivmod
 .text          0x08000234      0x2bc G:/trueg/stm/STM32CubeIDE_1.16.0/STM32CubeIDE/plugins/com.st.stm32cube.ide.mcu.externaltools.gnu-tools-for-stm32.12.3.rel1.win32_1.0.200.202406191623/tools/bin/../lib/gcc/arm-none-eabi/12.3.1/thumb/v7e-m+fp/hard\libgcc.a(_udivmoddi4.o)
                0x08000234                __udivmoddi4
 .text          0x080004f0        0x4 G:/trueg/stm/STM32CubeIDE_1.16.0/STM32CubeIDE/plugins/com.st.stm32cube.ide.mcu.externaltools.gnu-tools-for-stm32.12.3.rel1.win32_1.0.200.202406191623/tools/bin/../lib/gcc/arm-none-eabi/12.3.1/thumb/v7e-m+fp/hard\libgcc.a(_dvmd_tls.o)
                0x080004f0                __aeabi_idiv0
                0x080004f0                __aeabi_ldiv0
 *(.text*)
 .text.MX_DAC_Init
                0x080004f4       0x54 ./Core/Src/dac.o
                0x080004f4                MX_DAC_Init
 .text.HAL_DAC_MspInit
                0x08000548      0x104 ./Core/Src/dac.o
                0x08000548                HAL_DAC_MspInit
 .text.MX_DMA_Init
                0x0800064c       0x40 ./Core/Src/dma.o
                0x0800064c                MX_DMA_Init
 .text.MX_GPIO_Init
                0x0800068c       0xb4 ./Core/Src/gpio.o
                0x0800068c                MX_GPIO_Init
 .text.GenerateSineTable
                0x08000740       0xac ./Core/Src/main.o
                0x08000740                GenerateSineTable
 .text.UpdateScaledTable
                0x080007ec       0xa0 ./Core/Src/main.o
                0x080007ec                UpdateScaledTable
 .text.UpdateTriggerTable
                0x0800088c       0x74 ./Core/Src/main.o
                0x0800088c                UpdateTriggerTable
 .text.SetAmplitude
                0x08000900       0x38 ./Core/Src/main.o
                0x08000900                SetAmplitude
 .text.Setphase
                0x08000938       0x48 ./Core/Src/main.o
                0x08000938                Setphase
 .text.SetFrequency
                0x08000980      0x150 ./Core/Src/main.o
                0x08000980                SetFrequency
 .text.CalcCRC  0x08000ad0       0x3e ./Core/Src/main.o
                0x08000ad0                CalcCRC
 .text.ProcessFrame
                0x08000b0e       0x54 ./Core/Src/main.o
                0x08000b0e                ProcessFrame
 *fill*         0x08000b62        0x2 
 .text.main     0x08000b64       0x8c ./Core/Src/main.o
                0x08000b64                main
 .text.SystemClock_Config
                0x08000bf0       0xdc ./Core/Src/main.o
                0x08000bf0                SystemClock_Config
 .text.HAL_UART_RxCpltCallback
                0x08000ccc       0x9c ./Core/Src/main.o
                0x08000ccc                HAL_UART_RxCpltCallback
 .text.Error_Handler
                0x08000d68        0xc ./Core/Src/main.o
                0x08000d68                Error_Handler
 .text.HAL_MspInit
                0x08000d74       0x50 ./Core/Src/stm32f4xx_hal_msp.o
                0x08000d74                HAL_MspInit
 .text.NMI_Handler
                0x08000dc4        0x8 ./Core/Src/stm32f4xx_it.o
                0x08000dc4                NMI_Handler
 .text.HardFault_Handler
                0x08000dcc        0x8 ./Core/Src/stm32f4xx_it.o
                0x08000dcc                HardFault_Handler
 .text.MemManage_Handler
                0x08000dd4        0x8 ./Core/Src/stm32f4xx_it.o
                0x08000dd4                MemManage_Handler
 .text.BusFault_Handler
                0x08000ddc        0x8 ./Core/Src/stm32f4xx_it.o
                0x08000ddc                BusFault_Handler
 .text.UsageFault_Handler
                0x08000de4        0x8 ./Core/Src/stm32f4xx_it.o
                0x08000de4                UsageFault_Handler
 .text.SVC_Handler
                0x08000dec        0xe ./Core/Src/stm32f4xx_it.o
                0x08000dec                SVC_Handler
 .text.DebugMon_Handler
                0x08000dfa        0xe ./Core/Src/stm32f4xx_it.o
                0x08000dfa                DebugMon_Handler
 .text.PendSV_Handler
                0x08000e08        0xe ./Core/Src/stm32f4xx_it.o
                0x08000e08                PendSV_Handler
 .text.SysTick_Handler
                0x08000e16        0xc ./Core/Src/stm32f4xx_it.o
                0x08000e16                SysTick_Handler
 *fill*         0x08000e22        0x2 
 .text.DMA1_Stream5_IRQHandler
                0x08000e24       0x14 ./Core/Src/stm32f4xx_it.o
                0x08000e24                DMA1_Stream5_IRQHandler
 .text.USART2_IRQHandler
                0x08000e38       0x14 ./Core/Src/stm32f4xx_it.o
                0x08000e38                USART2_IRQHandler
 .text.TIM6_DAC_IRQHandler
                0x08000e4c       0x1c ./Core/Src/stm32f4xx_it.o
                0x08000e4c                TIM6_DAC_IRQHandler
 .text.SystemInit
                0x08000e68       0x24 ./Core/Src/system_stm32f4xx.o
                0x08000e68                SystemInit
 .text.MX_TIM2_Init
                0x08000e8c       0xb0 ./Core/Src/tim.o
                0x08000e8c                MX_TIM2_Init
 .text.MX_TIM6_Init
                0x08000f3c       0x6c ./Core/Src/tim.o
                0x08000f3c                MX_TIM6_Init
 .text.HAL_TIM_PWM_MspInit
                0x08000fa8       0x40 ./Core/Src/tim.o
                0x08000fa8                HAL_TIM_PWM_MspInit
 .text.HAL_TIM_Base_MspInit
                0x08000fe8       0x50 ./Core/Src/tim.o
                0x08000fe8                HAL_TIM_Base_MspInit
 .text.HAL_TIM_MspPostInit
                0x08001038       0x70 ./Core/Src/tim.o
                0x08001038                HAL_TIM_MspPostInit
 .text.MX_USART2_UART_Init
                0x080010a8       0x54 ./Core/Src/usart.o
                0x080010a8                MX_USART2_UART_Init
 .text.HAL_UART_MspInit
                0x080010fc       0xa0 ./Core/Src/usart.o
                0x080010fc                HAL_UART_MspInit
 .text.Reset_Handler
                0x0800119c       0x50 ./Core/Startup/startup_stm32f446retx.o
                0x0800119c                Reset_Handler
 .text.Default_Handler
                0x080011ec        0x2 ./Core/Startup/startup_stm32f446retx.o
                0x080011ec                RTC_Alarm_IRQHandler
                0x080011ec                EXTI2_IRQHandler
                0x080011ec                TIM8_CC_IRQHandler
                0x080011ec                FMPI2C1_EV_IRQHandler
                0x080011ec                SPI4_IRQHandler
                0x080011ec                TIM1_CC_IRQHandler
                0x080011ec                DMA2_Stream5_IRQHandler
                0x080011ec                PVD_IRQHandler
                0x080011ec                SDIO_IRQHandler
                0x080011ec                TAMP_STAMP_IRQHandler
                0x080011ec                CAN2_RX1_IRQHandler
                0x080011ec                EXTI3_IRQHandler
                0x080011ec                TIM8_TRG_COM_TIM14_IRQHandler
                0x080011ec                TIM1_UP_TIM10_IRQHandler
                0x080011ec                TIM8_UP_TIM13_IRQHandler
                0x080011ec                I2C3_ER_IRQHandler
                0x080011ec                EXTI0_IRQHandler
                0x080011ec                I2C2_EV_IRQHandler
                0x080011ec                DMA1_Stream2_IRQHandler
                0x080011ec                CAN1_RX0_IRQHandler
                0x080011ec                FPU_IRQHandler
                0x080011ec                OTG_HS_WKUP_IRQHandler
                0x080011ec                CAN2_SCE_IRQHandler
                0x080011ec                DMA2_Stream2_IRQHandler
                0x080011ec                SPI1_IRQHandler
                0x080011ec                TIM1_BRK_TIM9_IRQHandler
                0x080011ec                DCMI_IRQHandler
                0x080011ec                CAN2_RX0_IRQHandler
                0x080011ec                DMA2_Stream3_IRQHandler
                0x080011ec                SAI2_IRQHandler
                0x080011ec                USART6_IRQHandler
                0x080011ec                USART3_IRQHandler
                0x080011ec                CAN1_RX1_IRQHandler
                0x080011ec                UART5_IRQHandler
                0x080011ec                DMA2_Stream0_IRQHandler
                0x080011ec                TIM4_IRQHandler
                0x080011ec                QUADSPI_IRQHandler
                0x080011ec                I2C1_EV_IRQHandler
                0x080011ec                DMA1_Stream6_IRQHandler
                0x080011ec                DMA1_Stream1_IRQHandler
                0x080011ec                UART4_IRQHandler
                0x080011ec                TIM3_IRQHandler
                0x080011ec                RCC_IRQHandler
                0x080011ec                TIM8_BRK_TIM12_IRQHandler
                0x080011ec                Default_Handler
                0x080011ec                CEC_IRQHandler
                0x080011ec                EXTI15_10_IRQHandler
                0x080011ec                ADC_IRQHandler
                0x080011ec                DMA1_Stream7_IRQHandler
                0x080011ec                TIM7_IRQHandler
                0x080011ec                CAN2_TX_IRQHandler
                0x080011ec                TIM5_IRQHandler
                0x080011ec                DMA2_Stream7_IRQHandler
                0x080011ec                I2C3_EV_IRQHandler
                0x080011ec                EXTI9_5_IRQHandler
                0x080011ec                RTC_WKUP_IRQHandler
                0x080011ec                SPDIF_RX_IRQHandler
                0x080011ec                SPI2_IRQHandler
                0x080011ec                OTG_HS_EP1_IN_IRQHandler
                0x080011ec                DMA1_Stream0_IRQHandler
                0x080011ec                CAN1_TX_IRQHandler
                0x080011ec                FMPI2C1_ER_IRQHandler
                0x080011ec                EXTI4_IRQHandler
                0x080011ec                OTG_HS_EP1_OUT_IRQHandler
                0x080011ec                WWDG_IRQHandler
                0x080011ec                TIM2_IRQHandler
                0x080011ec                OTG_FS_WKUP_IRQHandler
                0x080011ec                TIM1_TRG_COM_TIM11_IRQHandler
                0x080011ec                OTG_HS_IRQHandler
                0x080011ec                EXTI1_IRQHandler
                0x080011ec                I2C2_ER_IRQHandler
                0x080011ec                DMA2_Stream1_IRQHandler
                0x080011ec                CAN1_SCE_IRQHandler
                0x080011ec                FLASH_IRQHandler
                0x080011ec                DMA2_Stream4_IRQHandler
                0x080011ec                USART1_IRQHandler
                0x080011ec                OTG_FS_IRQHandler
                0x080011ec                SPI3_IRQHandler
                0x080011ec                DMA1_Stream4_IRQHandler
                0x080011ec                I2C1_ER_IRQHandler
                0x080011ec                FMC_IRQHandler
                0x080011ec                DMA2_Stream6_IRQHandler
                0x080011ec                SAI1_IRQHandler
                0x080011ec                DMA1_Stream3_IRQHandler
 *fill*         0x080011ee        0x2 
 .text.HAL_Init
                0x080011f0       0x44 ./Drivers/STM32F4xx_HAL_Driver/Src/stm32f4xx_hal.o
                0x080011f0                HAL_Init
 .text.HAL_InitTick
                0x08001234       0x60 ./Drivers/STM32F4xx_HAL_Driver/Src/stm32f4xx_hal.o
                0x08001234                HAL_InitTick
 .text.HAL_IncTick
                0x08001294       0x28 ./Drivers/STM32F4xx_HAL_Driver/Src/stm32f4xx_hal.o
                0x08001294                HAL_IncTick
 .text.HAL_GetTick
                0x080012bc       0x18 ./Drivers/STM32F4xx_HAL_Driver/Src/stm32f4xx_hal.o
                0x080012bc                HAL_GetTick
 .text.__NVIC_SetPriorityGrouping
                0x080012d4       0x48 ./Drivers/STM32F4xx_HAL_Driver/Src/stm32f4xx_hal_cortex.o
 .text.__NVIC_GetPriorityGrouping
                0x0800131c       0x1c ./Drivers/STM32F4xx_HAL_Driver/Src/stm32f4xx_hal_cortex.o
 .text.__NVIC_EnableIRQ
                0x08001338       0x3c ./Drivers/STM32F4xx_HAL_Driver/Src/stm32f4xx_hal_cortex.o
 .text.__NVIC_SetPriority
                0x08001374       0x54 ./Drivers/STM32F4xx_HAL_Driver/Src/stm32f4xx_hal_cortex.o
 .text.NVIC_EncodePriority
                0x080013c8       0x66 ./Drivers/STM32F4xx_HAL_Driver/Src/stm32f4xx_hal_cortex.o
 *fill*         0x0800142e        0x2 
 .text.SysTick_Config
                0x08001430       0x44 ./Drivers/STM32F4xx_HAL_Driver/Src/stm32f4xx_hal_cortex.o
 .text.HAL_NVIC_SetPriorityGrouping
                0x08001474       0x16 ./Drivers/STM32F4xx_HAL_Driver/Src/stm32f4xx_hal_cortex.o
                0x08001474                HAL_NVIC_SetPriorityGrouping
 .text.HAL_NVIC_SetPriority
                0x0800148a       0x38 ./Drivers/STM32F4xx_HAL_Driver/Src/stm32f4xx_hal_cortex.o
                0x0800148a                HAL_NVIC_SetPriority
 .text.HAL_NVIC_EnableIRQ
                0x080014c2       0x1c ./Drivers/STM32F4xx_HAL_Driver/Src/stm32f4xx_hal_cortex.o
                0x080014c2                HAL_NVIC_EnableIRQ
 .text.HAL_SYSTICK_Config
                0x080014de       0x18 ./Drivers/STM32F4xx_HAL_Driver/Src/stm32f4xx_hal_cortex.o
                0x080014de                HAL_SYSTICK_Config
 .text.HAL_DAC_Init
                0x080014f6       0x44 ./Drivers/STM32F4xx_HAL_Driver/Src/stm32f4xx_hal_dac.o
                0x080014f6                HAL_DAC_Init
 .text.HAL_DAC_Stop
                0x0800153a       0x44 ./Drivers/STM32F4xx_HAL_Driver/Src/stm32f4xx_hal_dac.o
                0x0800153a                HAL_DAC_Stop
 *fill*         0x0800157e        0x2 
 .text.HAL_DAC_Start_DMA
                0x08001580      0x180 ./Drivers/STM32F4xx_HAL_Driver/Src/stm32f4xx_hal_dac.o
                0x08001580                HAL_DAC_Start_DMA
 .text.HAL_DAC_Stop_DMA
                0x08001700       0x9a ./Drivers/STM32F4xx_HAL_Driver/Src/stm32f4xx_hal_dac.o
                0x08001700                HAL_DAC_Stop_DMA
 .text.HAL_DAC_IRQHandler
                0x0800179a       0xac ./Drivers/STM32F4xx_HAL_Driver/Src/stm32f4xx_hal_dac.o
                0x0800179a                HAL_DAC_IRQHandler
 .text.HAL_DAC_ConvCpltCallbackCh1
                0x08001846       0x14 ./Drivers/STM32F4xx_HAL_Driver/Src/stm32f4xx_hal_dac.o
                0x08001846                HAL_DAC_ConvCpltCallbackCh1
 .text.HAL_DAC_ConvHalfCpltCallbackCh1
                0x0800185a       0x14 ./Drivers/STM32F4xx_HAL_Driver/Src/stm32f4xx_hal_dac.o
                0x0800185a                HAL_DAC_ConvHalfCpltCallbackCh1
 .text.HAL_DAC_ErrorCallbackCh1
                0x0800186e       0x14 ./Drivers/STM32F4xx_HAL_Driver/Src/stm32f4xx_hal_dac.o
                0x0800186e                HAL_DAC_ErrorCallbackCh1
 .text.HAL_DAC_DMAUnderrunCallbackCh1
                0x08001882       0x14 ./Drivers/STM32F4xx_HAL_Driver/Src/stm32f4xx_hal_dac.o
                0x08001882                HAL_DAC_DMAUnderrunCallbackCh1
 .text.HAL_DAC_ConfigChannel
                0x08001896       0xb2 ./Drivers/STM32F4xx_HAL_Driver/Src/stm32f4xx_hal_dac.o
                0x08001896                HAL_DAC_ConfigChannel
 .text.DAC_DMAConvCpltCh1
                0x08001948       0x22 ./Drivers/STM32F4xx_HAL_Driver/Src/stm32f4xx_hal_dac.o
                0x08001948                DAC_DMAConvCpltCh1
 .text.DAC_DMAHalfConvCpltCh1
                0x0800196a       0x1c ./Drivers/STM32F4xx_HAL_Driver/Src/stm32f4xx_hal_dac.o
                0x0800196a                DAC_DMAHalfConvCpltCh1
 .text.DAC_DMAErrorCh1
                0x08001986       0x2e ./Drivers/STM32F4xx_HAL_Driver/Src/stm32f4xx_hal_dac.o
                0x08001986                DAC_DMAErrorCh1
 .text.HAL_DACEx_ConvCpltCallbackCh2
                0x080019b4       0x14 ./Drivers/STM32F4xx_HAL_Driver/Src/stm32f4xx_hal_dac_ex.o
                0x080019b4                HAL_DACEx_ConvCpltCallbackCh2
 .text.HAL_DACEx_ConvHalfCpltCallbackCh2
                0x080019c8       0x14 ./Drivers/STM32F4xx_HAL_Driver/Src/stm32f4xx_hal_dac_ex.o
                0x080019c8                HAL_DACEx_ConvHalfCpltCallbackCh2
 .text.HAL_DACEx_ErrorCallbackCh2
                0x080019dc       0x14 ./Drivers/STM32F4xx_HAL_Driver/Src/stm32f4xx_hal_dac_ex.o
                0x080019dc                HAL_DACEx_ErrorCallbackCh2
 .text.HAL_DACEx_DMAUnderrunCallbackCh2
                0x080019f0       0x14 ./Drivers/STM32F4xx_HAL_Driver/Src/stm32f4xx_hal_dac_ex.o
                0x080019f0                HAL_DACEx_DMAUnderrunCallbackCh2
 .text.DAC_DMAConvCpltCh2
                0x08001a04       0x22 ./Drivers/STM32F4xx_HAL_Driver/Src/stm32f4xx_hal_dac_ex.o
                0x08001a04                DAC_DMAConvCpltCh2
 .text.DAC_DMAHalfConvCpltCh2
                0x08001a26       0x1c ./Drivers/STM32F4xx_HAL_Driver/Src/stm32f4xx_hal_dac_ex.o
                0x08001a26                DAC_DMAHalfConvCpltCh2
 .text.DAC_DMAErrorCh2
                0x08001a42       0x2e ./Drivers/STM32F4xx_HAL_Driver/Src/stm32f4xx_hal_dac_ex.o
                0x08001a42                DAC_DMAErrorCh2
 .text.HAL_DMA_Init
                0x08001a70      0x15c ./Drivers/STM32F4xx_HAL_Driver/Src/stm32f4xx_hal_dma.o
                0x08001a70                HAL_DMA_Init
 .text.HAL_DMA_Start_IT
                0x08001bcc       0xb0 ./Drivers/STM32F4xx_HAL_Driver/Src/stm32f4xx_hal_dma.o
                0x08001bcc                HAL_DMA_Start_IT
 .text.HAL_DMA_Abort
                0x08001c7c       0xe0 ./Drivers/STM32F4xx_HAL_Driver/Src/stm32f4xx_hal_dma.o
                0x08001c7c                HAL_DMA_Abort
 .text.HAL_DMA_Abort_IT
                0x08001d5c       0x44 ./Drivers/STM32F4xx_HAL_Driver/Src/stm32f4xx_hal_dma.o
                0x08001d5c                HAL_DMA_Abort_IT
 .text.HAL_DMA_IRQHandler
                0x08001da0      0x314 ./Drivers/STM32F4xx_HAL_Driver/Src/stm32f4xx_hal_dma.o
                0x08001da0                HAL_DMA_IRQHandler
 .text.DMA_SetConfig
                0x080020b4       0x5c ./Drivers/STM32F4xx_HAL_Driver/Src/stm32f4xx_hal_dma.o
 .text.DMA_CalcBaseAndBitshift
                0x08002110       0x6c ./Drivers/STM32F4xx_HAL_Driver/Src/stm32f4xx_hal_dma.o
 .text.DMA_CheckFifoParam
                0x0800217c       0xf8 ./Drivers/STM32F4xx_HAL_Driver/Src/stm32f4xx_hal_dma.o
 .text.HAL_GPIO_Init
                0x08002274      0x328 ./Drivers/STM32F4xx_HAL_Driver/Src/stm32f4xx_hal_gpio.o
                0x08002274                HAL_GPIO_Init
 .text.HAL_RCC_ClockConfig
                0x0800259c      0x1cc ./Drivers/STM32F4xx_HAL_Driver/Src/stm32f4xx_hal_rcc.o
                0x0800259c                HAL_RCC_ClockConfig
 .text.HAL_RCC_GetHCLKFreq
                0x08002768       0x18 ./Drivers/STM32F4xx_HAL_Driver/Src/stm32f4xx_hal_rcc.o
                0x08002768                HAL_RCC_GetHCLKFreq
 .text.HAL_RCC_GetPCLK1Freq
                0x08002780       0x28 ./Drivers/STM32F4xx_HAL_Driver/Src/stm32f4xx_hal_rcc.o
                0x08002780                HAL_RCC_GetPCLK1Freq
 .text.HAL_RCC_GetPCLK2Freq
                0x080027a8       0x28 ./Drivers/STM32F4xx_HAL_Driver/Src/stm32f4xx_hal_rcc.o
                0x080027a8                HAL_RCC_GetPCLK2Freq
 .text.HAL_RCC_GetSysClockFreq
                0x080027d0      0x460 ./Drivers/STM32F4xx_HAL_Driver/Src/stm32f4xx_hal_rcc_ex.o
                0x080027d0                HAL_RCC_GetSysClockFreq
 .text.HAL_RCC_OscConfig
                0x08002c30      0x53c ./Drivers/STM32F4xx_HAL_Driver/Src/stm32f4xx_hal_rcc_ex.o
                0x08002c30                HAL_RCC_OscConfig
 .text.HAL_TIM_Base_Init
                0x0800316c       0x9e ./Drivers/STM32F4xx_HAL_Driver/Src/stm32f4xx_hal_tim.o
                0x0800316c                HAL_TIM_Base_Init
 *fill*         0x0800320a        0x2 
 .text.HAL_TIM_Base_Start
                0x0800320c       0xd0 ./Drivers/STM32F4xx_HAL_Driver/Src/stm32f4xx_hal_tim.o
                0x0800320c                HAL_TIM_Base_Start
 .text.HAL_TIM_Base_Stop
                0x080032dc       0x4e ./Drivers/STM32F4xx_HAL_Driver/Src/stm32f4xx_hal_tim.o
                0x080032dc                HAL_TIM_Base_Stop
 .text.HAL_TIM_PWM_Init
                0x0800332a       0x9e ./Drivers/STM32F4xx_HAL_Driver/Src/stm32f4xx_hal_tim.o
                0x0800332a                HAL_TIM_PWM_Init
 .text.HAL_TIM_PWM_Start
                0x080033c8      0x190 ./Drivers/STM32F4xx_HAL_Driver/Src/stm32f4xx_hal_tim.o
                0x080033c8                HAL_TIM_PWM_Start
 .text.HAL_TIM_IRQHandler
                0x08003558      0x1e0 ./Drivers/STM32F4xx_HAL_Driver/Src/stm32f4xx_hal_tim.o
                0x08003558                HAL_TIM_IRQHandler
 .text.HAL_TIM_PWM_ConfigChannel
                0x08003738      0x184 ./Drivers/STM32F4xx_HAL_Driver/Src/stm32f4xx_hal_tim.o
                0x08003738                HAL_TIM_PWM_ConfigChannel
 .text.HAL_TIM_PeriodElapsedCallback
                0x080038bc       0x14 ./Drivers/STM32F4xx_HAL_Driver/Src/stm32f4xx_hal_tim.o
                0x080038bc                HAL_TIM_PeriodElapsedCallback
 .text.HAL_TIM_OC_DelayElapsedCallback
                0x080038d0       0x14 ./Drivers/STM32F4xx_HAL_Driver/Src/stm32f4xx_hal_tim.o
                0x080038d0                HAL_TIM_OC_DelayElapsedCallback
 .text.HAL_TIM_IC_CaptureCallback
                0x080038e4       0x14 ./Drivers/STM32F4xx_HAL_Driver/Src/stm32f4xx_hal_tim.o
                0x080038e4                HAL_TIM_IC_CaptureCallback
 .text.HAL_TIM_PWM_PulseFinishedCallback
                0x080038f8       0x14 ./Drivers/STM32F4xx_HAL_Driver/Src/stm32f4xx_hal_tim.o
                0x080038f8                HAL_TIM_PWM_PulseFinishedCallback
 .text.HAL_TIM_TriggerCallback
                0x0800390c       0x14 ./Drivers/STM32F4xx_HAL_Driver/Src/stm32f4xx_hal_tim.o
                0x0800390c                HAL_TIM_TriggerCallback
 .text.TIM_Base_SetConfig
                0x08003920      0x14c ./Drivers/STM32F4xx_HAL_Driver/Src/stm32f4xx_hal_tim.o
                0x08003920                TIM_Base_SetConfig
 .text.TIM_OC1_SetConfig
                0x08003a6c       0xe0 ./Drivers/STM32F4xx_HAL_Driver/Src/stm32f4xx_hal_tim.o
 .text.TIM_OC2_SetConfig
                0x08003b4c       0xec ./Drivers/STM32F4xx_HAL_Driver/Src/stm32f4xx_hal_tim.o
                0x08003b4c                TIM_OC2_SetConfig
 .text.TIM_OC3_SetConfig
                0x08003c38       0xe8 ./Drivers/STM32F4xx_HAL_Driver/Src/stm32f4xx_hal_tim.o
 .text.TIM_OC4_SetConfig
                0x08003d20       0xac ./Drivers/STM32F4xx_HAL_Driver/Src/stm32f4xx_hal_tim.o
 .text.TIM_CCxChannelCmd
                0x08003dcc       0x4a ./Drivers/STM32F4xx_HAL_Driver/Src/stm32f4xx_hal_tim.o
                0x08003dcc                TIM_CCxChannelCmd
 *fill*         0x08003e16        0x2 
 .text.HAL_TIMEx_MasterConfigSynchronization
                0x08003e18       0xf8 ./Drivers/STM32F4xx_HAL_Driver/Src/stm32f4xx_hal_tim_ex.o
                0x08003e18                HAL_TIMEx_MasterConfigSynchronization
 .text.HAL_TIMEx_CommutCallback
                0x08003f10       0x14 ./Drivers/STM32F4xx_HAL_Driver/Src/stm32f4xx_hal_tim_ex.o
                0x08003f10                HAL_TIMEx_CommutCallback
 .text.HAL_TIMEx_BreakCallback
                0x08003f24       0x14 ./Drivers/STM32F4xx_HAL_Driver/Src/stm32f4xx_hal_tim_ex.o
                0x08003f24                HAL_TIMEx_BreakCallback
 .text.HAL_UART_Init
                0x08003f38       0xa0 ./Drivers/STM32F4xx_HAL_Driver/Src/stm32f4xx_hal_uart.o
                0x08003f38                HAL_UART_Init
 .text.HAL_UART_Receive_IT
                0x08003fd8       0x4a ./Drivers/STM32F4xx_HAL_Driver/Src/stm32f4xx_hal_uart.o
                0x08003fd8                HAL_UART_Receive_IT
 *fill*         0x08004022        0x2 
 .text.HAL_UART_IRQHandler
                0x08004024      0x554 ./Drivers/STM32F4xx_HAL_Driver/Src/stm32f4xx_hal_uart.o
                0x08004024                HAL_UART_IRQHandler
 .text.HAL_UART_TxCpltCallback
                0x08004578       0x14 ./Drivers/STM32F4xx_HAL_Driver/Src/stm32f4xx_hal_uart.o
                0x08004578                HAL_UART_TxCpltCallback
 .text.HAL_UART_ErrorCallback
                0x0800458c       0x14 ./Drivers/STM32F4xx_HAL_Driver/Src/stm32f4xx_hal_uart.o
                0x0800458c                HAL_UART_ErrorCallback
 .text.HAL_UARTEx_RxEventCallback
                0x080045a0       0x18 ./Drivers/STM32F4xx_HAL_Driver/Src/stm32f4xx_hal_uart.o
                0x080045a0                HAL_UARTEx_RxEventCallback
 .text.UART_Start_Receive_IT
                0x080045b8       0x74 ./Drivers/STM32F4xx_HAL_Driver/Src/stm32f4xx_hal_uart.o
                0x080045b8                UART_Start_Receive_IT
 .text.UART_EndRxTransfer
                0x0800462c       0xc6 ./Drivers/STM32F4xx_HAL_Driver/Src/stm32f4xx_hal_uart.o
 .text.UART_DMAAbortOnError
                0x080046f2       0x22 ./Drivers/STM32F4xx_HAL_Driver/Src/stm32f4xx_hal_uart.o
 .text.UART_Transmit_IT
                0x08004714       0xa0 ./Drivers/STM32F4xx_HAL_Driver/Src/stm32f4xx_hal_uart.o
 .text.UART_EndTransmit_IT
                0x080047b4       0x30 ./Drivers/STM32F4xx_HAL_Driver/Src/stm32f4xx_hal_uart.o
 .text.UART_Receive_IT
                0x080047e4      0x17c ./Drivers/STM32F4xx_HAL_Driver/Src/stm32f4xx_hal_uart.o
 .text.UART_SetConfig
                0x08004960      0x4e8 ./Drivers/STM32F4xx_HAL_Driver/Src/stm32f4xx_hal_uart.o
 .text.memset   0x08004e48       0x10 G:/trueg/stm/STM32CubeIDE_1.16.0/STM32CubeIDE/plugins/com.st.stm32cube.ide.mcu.externaltools.gnu-tools-for-stm32.12.3.rel1.win32_1.0.200.202406191623/tools/bin/../lib/gcc/arm-none-eabi/12.3.1/../../../../arm-none-eabi/lib/thumb/v7e-m+fp/hard\libc_nano.a(libc_a-memset.o)
                0x08004e48                memset
 .text.__libc_init_array
                0x08004e58       0x48 G:/trueg/stm/STM32CubeIDE_1.16.0/STM32CubeIDE/plugins/com.st.stm32cube.ide.mcu.externaltools.gnu-tools-for-stm32.12.3.rel1.win32_1.0.200.202406191623/tools/bin/../lib/gcc/arm-none-eabi/12.3.1/../../../../arm-none-eabi/lib/thumb/v7e-m+fp/hard\libc_nano.a(libc_a-init.o)
                0x08004e58                __libc_init_array
 .text.sinf     0x08004ea0       0x8c G:/trueg/stm/STM32CubeIDE_1.16.0/STM32CubeIDE/plugins/com.st.stm32cube.ide.mcu.externaltools.gnu-tools-for-stm32.12.3.rel1.win32_1.0.200.202406191623/tools/bin/../lib/gcc/arm-none-eabi/12.3.1/../../../../arm-none-eabi/lib/thumb/v7e-m+fp/hard\libm.a(libm_a-sf_sin.o)
                0x08004ea0                sinf
 .text.__kernel_cosf
                0x08004f2c       0xb0 G:/trueg/stm/STM32CubeIDE_1.16.0/STM32CubeIDE/plugins/com.st.stm32cube.ide.mcu.externaltools.gnu-tools-for-stm32.12.3.rel1.win32_1.0.200.202406191623/tools/bin/../lib/gcc/arm-none-eabi/12.3.1/../../../../arm-none-eabi/lib/thumb/v7e-m+fp/hard\libm.a(libm_a-kf_cos.o)
                0x08004f2c                __kernel_cosf
 .text.__kernel_sinf
                0x08004fdc       0x90 G:/trueg/stm/STM32CubeIDE_1.16.0/STM32CubeIDE/plugins/com.st.stm32cube.ide.mcu.externaltools.gnu-tools-for-stm32.12.3.rel1.win32_1.0.200.202406191623/tools/bin/../lib/gcc/arm-none-eabi/12.3.1/../../../../arm-none-eabi/lib/thumb/v7e-m+fp/hard\libm.a(libm_a-kf_sin.o)
                0x08004fdc                __kernel_sinf
 .text.__ieee754_rem_pio2f
                0x0800506c      0x260 G:/trueg/stm/STM32CubeIDE_1.16.0/STM32CubeIDE/plugins/com.st.stm32cube.ide.mcu.externaltools.gnu-tools-for-stm32.12.3.rel1.win32_1.0.200.202406191623/tools/bin/../lib/gcc/arm-none-eabi/12.3.1/../../../../arm-none-eabi/lib/thumb/v7e-m+fp/hard\libm.a(libm_a-ef_rem_pio2.o)
                0x0800506c                __ieee754_rem_pio2f
 .text.fabsf    0x080052cc        0xe G:/trueg/stm/STM32CubeIDE_1.16.0/STM32CubeIDE/plugins/com.st.stm32cube.ide.mcu.externaltools.gnu-tools-for-stm32.12.3.rel1.win32_1.0.200.202406191623/tools/bin/../lib/gcc/arm-none-eabi/12.3.1/../../../../arm-none-eabi/lib/thumb/v7e-m+fp/hard\libm.a(libm_a-sf_fabs.o)
                0x080052cc                fabsf
 *fill*         0x080052da        0x2 
 .text.__kernel_rem_pio2f
                0x080052dc      0x4e4 G:/trueg/stm/STM32CubeIDE_1.16.0/STM32CubeIDE/plugins/com.st.stm32cube.ide.mcu.externaltools.gnu-tools-for-stm32.12.3.rel1.win32_1.0.200.202406191623/tools/bin/../lib/gcc/arm-none-eabi/12.3.1/../../../../arm-none-eabi/lib/thumb/v7e-m+fp/hard\libm.a(libm_a-kf_rem_pio2.o)
                0x080052dc                __kernel_rem_pio2f
 .text.scalbnf  0x080057c0       0xcc G:/trueg/stm/STM32CubeIDE_1.16.0/STM32CubeIDE/plugins/com.st.stm32cube.ide.mcu.externaltools.gnu-tools-for-stm32.12.3.rel1.win32_1.0.200.202406191623/tools/bin/../lib/gcc/arm-none-eabi/12.3.1/../../../../arm-none-eabi/lib/thumb/v7e-m+fp/hard\libm.a(libm_a-sf_scalbn.o)
                0x080057c0                scalbnf
 .text.floorf   0x0800588c       0x88 G:/trueg/stm/STM32CubeIDE_1.16.0/STM32CubeIDE/plugins/com.st.stm32cube.ide.mcu.externaltools.gnu-tools-for-stm32.12.3.rel1.win32_1.0.200.202406191623/tools/bin/../lib/gcc/arm-none-eabi/12.3.1/../../../../arm-none-eabi/lib/thumb/v7e-m+fp/hard\libm.a(libm_a-sf_floor.o)
                0x0800588c                floorf
 *(.glue_7)
 .glue_7        0x08005914        0x0 linker stubs
 *(.glue_7t)
 .glue_7t       0x08005914        0x0 linker stubs
 *(.eh_frame)
 .eh_frame      0x08005914        0x0 G:/trueg/stm/STM32CubeIDE_1.16.0/STM32CubeIDE/plugins/com.st.stm32cube.ide.mcu.externaltools.gnu-tools-for-stm32.12.3.rel1.win32_1.0.200.202406191623/tools/bin/../lib/gcc/arm-none-eabi/12.3.1/thumb/v7e-m+fp/hard/crtbegin.o
 *(.init)
 .init          0x08005914        0x4 G:/trueg/stm/STM32CubeIDE_1.16.0/STM32CubeIDE/plugins/com.st.stm32cube.ide.mcu.externaltools.gnu-tools-for-stm32.12.3.rel1.win32_1.0.200.202406191623/tools/bin/../lib/gcc/arm-none-eabi/12.3.1/thumb/v7e-m+fp/hard/crti.o
                0x08005914                _init
 .init          0x08005918        0x8 G:/trueg/stm/STM32CubeIDE_1.16.0/STM32CubeIDE/plugins/com.st.stm32cube.ide.mcu.externaltools.gnu-tools-for-stm32.12.3.rel1.win32_1.0.200.202406191623/tools/bin/../lib/gcc/arm-none-eabi/12.3.1/thumb/v7e-m+fp/hard/crtn.o
 *(.fini)
 .fini          0x08005920        0x4 G:/trueg/stm/STM32CubeIDE_1.16.0/STM32CubeIDE/plugins/com.st.stm32cube.ide.mcu.externaltools.gnu-tools-for-stm32.12.3.rel1.win32_1.0.200.202406191623/tools/bin/../lib/gcc/arm-none-eabi/12.3.1/thumb/v7e-m+fp/hard/crti.o
                0x08005920                _fini
 .fini          0x08005924        0x8 G:/trueg/stm/STM32CubeIDE_1.16.0/STM32CubeIDE/plugins/com.st.stm32cube.ide.mcu.externaltools.gnu-tools-for-stm32.12.3.rel1.win32_1.0.200.202406191623/tools/bin/../lib/gcc/arm-none-eabi/12.3.1/thumb/v7e-m+fp/hard/crtn.o
                0x0800592c                        . = ALIGN (0x4)
                0x0800592c                        _etext = .

.vfp11_veneer   0x0800592c        0x0
 .vfp11_veneer  0x0800592c        0x0 linker stubs

.v4_bx          0x0800592c        0x0
 .v4_bx         0x0800592c        0x0 linker stubs

.iplt           0x0800592c        0x0
 .iplt          0x0800592c        0x0 G:/trueg/stm/STM32CubeIDE_1.16.0/STM32CubeIDE/plugins/com.st.stm32cube.ide.mcu.externaltools.gnu-tools-for-stm32.12.3.rel1.win32_1.0.200.202406191623/tools/bin/../lib/gcc/arm-none-eabi/12.3.1/thumb/v7e-m+fp/hard/crtbegin.o

.rodata         0x0800592c      0x3f0
                0x0800592c                        . = ALIGN (0x4)
 *(.rodata)
 *(.rodata*)
 .rodata.AHBPrescTable
                0x0800592c       0x10 ./Core/Src/system_stm32f4xx.o
                0x0800592c                AHBPrescTable
 .rodata.APBPrescTable
                0x0800593c        0x8 ./Core/Src/system_stm32f4xx.o
                0x0800593c                APBPrescTable
 .rodata.flagBitshiftOffset.0
                0x08005944        0x8 ./Drivers/STM32F4xx_HAL_Driver/Src/stm32f4xx_hal_dma.o
 .rodata.npio2_hw
                0x0800594c       0x80 G:/trueg/stm/STM32CubeIDE_1.16.0/STM32CubeIDE/plugins/com.st.stm32cube.ide.mcu.externaltools.gnu-tools-for-stm32.12.3.rel1.win32_1.0.200.202406191623/tools/bin/../lib/gcc/arm-none-eabi/12.3.1/../../../../arm-none-eabi/lib/thumb/v7e-m+fp/hard\libm.a(libm_a-ef_rem_pio2.o)
 .rodata.two_over_pi
                0x080059cc      0x318 G:/trueg/stm/STM32CubeIDE_1.16.0/STM32CubeIDE/plugins/com.st.stm32cube.ide.mcu.externaltools.gnu-tools-for-stm32.12.3.rel1.win32_1.0.200.202406191623/tools/bin/../lib/gcc/arm-none-eabi/12.3.1/../../../../arm-none-eabi/lib/thumb/v7e-m+fp/hard\libm.a(libm_a-ef_rem_pio2.o)
 .rodata.PIo2   0x08005ce4       0x2c G:/trueg/stm/STM32CubeIDE_1.16.0/STM32CubeIDE/plugins/com.st.stm32cube.ide.mcu.externaltools.gnu-tools-for-stm32.12.3.rel1.win32_1.0.200.202406191623/tools/bin/../lib/gcc/arm-none-eabi/12.3.1/../../../../arm-none-eabi/lib/thumb/v7e-m+fp/hard\libm.a(libm_a-kf_rem_pio2.o)
 .rodata.init_jk
                0x08005d10        0xc G:/trueg/stm/STM32CubeIDE_1.16.0/STM32CubeIDE/plugins/com.st.stm32cube.ide.mcu.externaltools.gnu-tools-for-stm32.12.3.rel1.win32_1.0.200.202406191623/tools/bin/../lib/gcc/arm-none-eabi/12.3.1/../../../../arm-none-eabi/lib/thumb/v7e-m+fp/hard\libm.a(libm_a-kf_rem_pio2.o)
                0x08005d1c                        . = ALIGN (0x4)

.ARM.extab      0x08005d1c        0x0
                0x08005d1c                        . = ALIGN (0x4)
 *(.ARM.extab* .gnu.linkonce.armextab.*)
                0x08005d1c                        . = ALIGN (0x4)

.ARM            0x08005d1c        0x8
                0x08005d1c                        . = ALIGN (0x4)
                0x08005d1c                        __exidx_start = .
 *(.ARM.exidx*)
 .ARM.exidx     0x08005d1c        0x8 G:/trueg/stm/STM32CubeIDE_1.16.0/STM32CubeIDE/plugins/com.st.stm32cube.ide.mcu.externaltools.gnu-tools-for-stm32.12.3.rel1.win32_1.0.200.202406191623/tools/bin/../lib/gcc/arm-none-eabi/12.3.1/thumb/v7e-m+fp/hard\libgcc.a(_udivmoddi4.o)
                0x08005d24                        __exidx_end = .
                0x08005d24                        . = ALIGN (0x4)

.preinit_array  0x08005d24        0x0
                0x08005d24                        . = ALIGN (0x4)
                0x08005d24                        PROVIDE (__preinit_array_start = .)
 *(.preinit_array*)
                0x08005d24                        PROVIDE (__preinit_array_end = .)
                0x08005d24                        . = ALIGN (0x4)

.init_array     0x08005d24        0x4
                0x08005d24                        . = ALIGN (0x4)
                0x08005d24                        PROVIDE (__init_array_start = .)
 *(SORT_BY_NAME(.init_array.*))
 *(.init_array*)
 .init_array    0x08005d24        0x4 G:/trueg/stm/STM32CubeIDE_1.16.0/STM32CubeIDE/plugins/com.st.stm32cube.ide.mcu.externaltools.gnu-tools-for-stm32.12.3.rel1.win32_1.0.200.202406191623/tools/bin/../lib/gcc/arm-none-eabi/12.3.1/thumb/v7e-m+fp/hard/crtbegin.o
                0x08005d28                        PROVIDE (__init_array_end = .)
                0x08005d28                        . = ALIGN (0x4)

.fini_array     0x08005d28        0x4
                0x08005d28                        . = ALIGN (0x4)
                [!provide]                        PROVIDE (__fini_array_start = .)
 *(SORT_BY_NAME(.fini_array.*))
 *(.fini_array*)
 .fini_array    0x08005d28        0x4 G:/trueg/stm/STM32CubeIDE_1.16.0/STM32CubeIDE/plugins/com.st.stm32cube.ide.mcu.externaltools.gnu-tools-for-stm32.12.3.rel1.win32_1.0.200.202406191623/tools/bin/../lib/gcc/arm-none-eabi/12.3.1/thumb/v7e-m+fp/hard/crtbegin.o
                [!provide]                        PROVIDE (__fini_array_end = .)
                0x08005d2c                        . = ALIGN (0x4)
                0x08005d2c                        _sidata = LOADADDR (.data)

.rel.dyn        0x08005d2c        0x0
 .rel.iplt      0x08005d2c        0x0 G:/trueg/stm/STM32CubeIDE_1.16.0/STM32CubeIDE/plugins/com.st.stm32cube.ide.mcu.externaltools.gnu-tools-for-stm32.12.3.rel1.win32_1.0.200.202406191623/tools/bin/../lib/gcc/arm-none-eabi/12.3.1/thumb/v7e-m+fp/hard/crtbegin.o

.data           0x20000000       0x18 load address 0x08005d2c
                0x20000000                        . = ALIGN (0x4)
                0x20000000                        _sdata = .
 *(.data)
 *(.data*)
 .data.TABLE_SIZE
                0x20000000        0x2 ./Core/Src/main.o
                0x20000000                TABLE_SIZE
 *fill*         0x20000002        0x2 
 .data.amplitude_scale
                0x20000004        0x4 ./Core/Src/main.o
                0x20000004                amplitude_scale
 .data.xx       0x20000008        0x2 ./Core/Src/main.o
                0x20000008                xx
 *fill*         0x2000000a        0x2 
 .data.SystemCoreClock
                0x2000000c        0x4 ./Core/Src/system_stm32f4xx.o
                0x2000000c                SystemCoreClock
 .data.uwTickPrio
                0x20000010        0x4 ./Drivers/STM32F4xx_HAL_Driver/Src/stm32f4xx_hal.o
                0x20000010                uwTickPrio
 .data.uwTickFreq
                0x20000014        0x1 ./Drivers/STM32F4xx_HAL_Driver/Src/stm32f4xx_hal.o
                0x20000014                uwTickFreq
 *(.RamFunc)
 *(.RamFunc*)
                0x20000018                        . = ALIGN (0x4)
 *fill*         0x20000015        0x3 
                0x20000018                        _edata = .

.igot.plt       0x20000018        0x0 load address 0x08005d44
 .igot.plt      0x20000018        0x0 G:/trueg/stm/STM32CubeIDE_1.16.0/STM32CubeIDE/plugins/com.st.stm32cube.ide.mcu.externaltools.gnu-tools-for-stm32.12.3.rel1.win32_1.0.200.202406191623/tools/bin/../lib/gcc/arm-none-eabi/12.3.1/thumb/v7e-m+fp/hard/crtbegin.o
                0x20000018                        . = ALIGN (0x4)

.bss            0x20000018      0x77c load address 0x08005d44
                0x20000018                        _sbss = .
                0x20000018                        __bss_start__ = _sbss
 *(.bss)
 .bss           0x20000018       0x1c G:/trueg/stm/STM32CubeIDE_1.16.0/STM32CubeIDE/plugins/com.st.stm32cube.ide.mcu.externaltools.gnu-tools-for-stm32.12.3.rel1.win32_1.0.200.202406191623/tools/bin/../lib/gcc/arm-none-eabi/12.3.1/thumb/v7e-m+fp/hard/crtbegin.o
 *(.bss*)
 .bss.hdac      0x20000034       0x14 ./Core/Src/dac.o
                0x20000034                hdac
 .bss.hdma_dac1
                0x20000048       0x60 ./Core/Src/dac.o
                0x20000048                hdma_dac1
 .bss.rx_byte   0x200000a8        0x1 ./Core/Src/main.o
                0x200000a8                rx_byte
 *fill*         0x200000a9        0x3 
 .bss.frame_buf
                0x200000ac        0x5 ./Core/Src/main.o
                0x200000ac                frame_buf
 .bss.frame_index
                0x200000b1        0x1 ./Core/Src/main.o
                0x200000b1                frame_index
 .bss.receiving
                0x200000b2        0x1 ./Core/Src/main.o
                0x200000b2                receiving
 *fill*         0x200000b3        0x1 
 .bss.sine_table
                0x200000b4      0x200 ./Core/Src/main.o
                0x200000b4                sine_table
 .bss.sineamp_table
                0x200002b4      0x200 ./Core/Src/main.o
                0x200002b4                sineamp_table
 .bss.sinphase_table
                0x200004b4      0x200 ./Core/Src/main.o
                0x200004b4                sinphase_table
 .bss.phase_offset
                0x200006b4        0x2 ./Core/Src/main.o
                0x200006b4                phase_offset
 *fill*         0x200006b6        0x2 
 .bss.htim2     0x200006b8       0x48 ./Core/Src/tim.o
                0x200006b8                htim2
 .bss.htim6     0x20000700       0x48 ./Core/Src/tim.o
                0x20000700                htim6
 .bss.huart2    0x20000748       0x48 ./Core/Src/usart.o
                0x20000748                huart2
 .bss.uwTick    0x20000790        0x4 ./Drivers/STM32F4xx_HAL_Driver/Src/stm32f4xx_hal.o
                0x20000790                uwTick
 *(COMMON)
                0x20000794                        . = ALIGN (0x4)
                0x20000794                        _ebss = .
                0x20000794                        __bss_end__ = _ebss

._user_heap_stack
                0x20000794      0x604 load address 0x08005d44
                0x20000798                        . = ALIGN (0x8)
 *fill*         0x20000794        0x4 
                [!provide]                        PROVIDE (end = .)
                0x20000798                        PROVIDE (_end = .)
                0x20000998                        . = (. + _Min_Heap_Size)
 *fill*         0x20000798      0x200 
                0x20000d98                        . = (. + _Min_Stack_Size)
 *fill*         0x20000998      0x400 
                0x20000d98                        . = ALIGN (0x8)

/DISCARD/
 libc.a(*)
 libm.a(*)
 libgcc.a(*)

.ARM.attributes
                0x00000000       0x30
 *(.ARM.attributes)
 .ARM.attributes
                0x00000000       0x22 G:/trueg/stm/STM32CubeIDE_1.16.0/STM32CubeIDE/plugins/com.st.stm32cube.ide.mcu.externaltools.gnu-tools-for-stm32.12.3.rel1.win32_1.0.200.202406191623/tools/bin/../lib/gcc/arm-none-eabi/12.3.1/thumb/v7e-m+fp/hard/crti.o
 .ARM.attributes
                0x00000022       0x34 G:/trueg/stm/STM32CubeIDE_1.16.0/STM32CubeIDE/plugins/com.st.stm32cube.ide.mcu.externaltools.gnu-tools-for-stm32.12.3.rel1.win32_1.0.200.202406191623/tools/bin/../lib/gcc/arm-none-eabi/12.3.1/thumb/v7e-m+fp/hard/crtbegin.o
 .ARM.attributes
                0x00000056       0x34 ./Core/Src/dac.o
 .ARM.attributes
                0x0000008a       0x34 ./Core/Src/dma.o
 .ARM.attributes
                0x000000be       0x34 ./Core/Src/gpio.o
 .ARM.attributes
                0x000000f2       0x34 ./Core/Src/main.o
 .ARM.attributes
                0x00000126       0x34 ./Core/Src/stm32f4xx_hal_msp.o
 .ARM.attributes
                0x0000015a       0x34 ./Core/Src/stm32f4xx_it.o
 .ARM.attributes
                0x0000018e       0x34 ./Core/Src/system_stm32f4xx.o
 .ARM.attributes
                0x000001c2       0x34 ./Core/Src/tim.o
 .ARM.attributes
                0x000001f6       0x34 ./Core/Src/usart.o
 .ARM.attributes
                0x0000022a       0x21 ./Core/Startup/startup_stm32f446retx.o
 .ARM.attributes
                0x0000024b       0x34 ./Drivers/STM32F4xx_HAL_Driver/Src/stm32f4xx_hal.o
 .ARM.attributes
                0x0000027f       0x34 ./Drivers/STM32F4xx_HAL_Driver/Src/stm32f4xx_hal_cortex.o
 .ARM.attributes
                0x000002b3       0x34 ./Drivers/STM32F4xx_HAL_Driver/Src/stm32f4xx_hal_dac.o
 .ARM.attributes
                0x000002e7       0x34 ./Drivers/STM32F4xx_HAL_Driver/Src/stm32f4xx_hal_dac_ex.o
 .ARM.attributes
                0x0000031b       0x34 ./Drivers/STM32F4xx_HAL_Driver/Src/stm32f4xx_hal_dma.o
 .ARM.attributes
                0x0000034f       0x34 ./Drivers/STM32F4xx_HAL_Driver/Src/stm32f4xx_hal_gpio.o
 .ARM.attributes
                0x00000383       0x34 ./Drivers/STM32F4xx_HAL_Driver/Src/stm32f4xx_hal_rcc.o
 .ARM.attributes
                0x000003b7       0x34 ./Drivers/STM32F4xx_HAL_Driver/Src/stm32f4xx_hal_rcc_ex.o
 .ARM.attributes
                0x000003eb       0x34 ./Drivers/STM32F4xx_HAL_Driver/Src/stm32f4xx_hal_tim.o
 .ARM.attributes
                0x0000041f       0x34 ./Drivers/STM32F4xx_HAL_Driver/Src/stm32f4xx_hal_tim_ex.o
 .ARM.attributes
                0x00000453       0x34 ./Drivers/STM32F4xx_HAL_Driver/Src/stm32f4xx_hal_uart.o
 .ARM.attributes
                0x00000487       0x34 G:/trueg/stm/STM32CubeIDE_1.16.0/STM32CubeIDE/plugins/com.st.stm32cube.ide.mcu.externaltools.gnu-tools-for-stm32.12.3.rel1.win32_1.0.200.202406191623/tools/bin/../lib/gcc/arm-none-eabi/12.3.1/../../../../arm-none-eabi/lib/thumb/v7e-m+fp/hard\libc_nano.a(libc_a-memset.o)
 .ARM.attributes
                0x000004bb       0x34 G:/trueg/stm/STM32CubeIDE_1.16.0/STM32CubeIDE/plugins/com.st.stm32cube.ide.mcu.externaltools.gnu-tools-for-stm32.12.3.rel1.win32_1.0.200.202406191623/tools/bin/../lib/gcc/arm-none-eabi/12.3.1/../../../../arm-none-eabi/lib/thumb/v7e-m+fp/hard\libc_nano.a(libc_a-init.o)
 .ARM.attributes
                0x000004ef       0x34 G:/trueg/stm/STM32CubeIDE_1.16.0/STM32CubeIDE/plugins/com.st.stm32cube.ide.mcu.externaltools.gnu-tools-for-stm32.12.3.rel1.win32_1.0.200.202406191623/tools/bin/../lib/gcc/arm-none-eabi/12.3.1/../../../../arm-none-eabi/lib/thumb/v7e-m+fp/hard\libm.a(libm_a-sf_sin.o)
 .ARM.attributes
                0x00000523       0x34 G:/trueg/stm/STM32CubeIDE_1.16.0/STM32CubeIDE/plugins/com.st.stm32cube.ide.mcu.externaltools.gnu-tools-for-stm32.12.3.rel1.win32_1.0.200.202406191623/tools/bin/../lib/gcc/arm-none-eabi/12.3.1/../../../../arm-none-eabi/lib/thumb/v7e-m+fp/hard\libm.a(libm_a-kf_cos.o)
 .ARM.attributes
                0x00000557       0x34 G:/trueg/stm/STM32CubeIDE_1.16.0/STM32CubeIDE/plugins/com.st.stm32cube.ide.mcu.externaltools.gnu-tools-for-stm32.12.3.rel1.win32_1.0.200.202406191623/tools/bin/../lib/gcc/arm-none-eabi/12.3.1/../../../../arm-none-eabi/lib/thumb/v7e-m+fp/hard\libm.a(libm_a-kf_sin.o)
 .ARM.attributes
                0x0000058b       0x34 G:/trueg/stm/STM32CubeIDE_1.16.0/STM32CubeIDE/plugins/com.st.stm32cube.ide.mcu.externaltools.gnu-tools-for-stm32.12.3.rel1.win32_1.0.200.202406191623/tools/bin/../lib/gcc/arm-none-eabi/12.3.1/../../../../arm-none-eabi/lib/thumb/v7e-m+fp/hard\libm.a(libm_a-ef_rem_pio2.o)
 .ARM.attributes
                0x000005bf       0x34 G:/trueg/stm/STM32CubeIDE_1.16.0/STM32CubeIDE/plugins/com.st.stm32cube.ide.mcu.externaltools.gnu-tools-for-stm32.12.3.rel1.win32_1.0.200.202406191623/tools/bin/../lib/gcc/arm-none-eabi/12.3.1/../../../../arm-none-eabi/lib/thumb/v7e-m+fp/hard\libm.a(libm_a-sf_fabs.o)
 .ARM.attributes
                0x000005f3       0x34 G:/trueg/stm/STM32CubeIDE_1.16.0/STM32CubeIDE/plugins/com.st.stm32cube.ide.mcu.externaltools.gnu-tools-for-stm32.12.3.rel1.win32_1.0.200.202406191623/tools/bin/../lib/gcc/arm-none-eabi/12.3.1/../../../../arm-none-eabi/lib/thumb/v7e-m+fp/hard\libm.a(libm_a-kf_rem_pio2.o)
 .ARM.attributes
                0x00000627       0x34 G:/trueg/stm/STM32CubeIDE_1.16.0/STM32CubeIDE/plugins/com.st.stm32cube.ide.mcu.externaltools.gnu-tools-for-stm32.12.3.rel1.win32_1.0.200.202406191623/tools/bin/../lib/gcc/arm-none-eabi/12.3.1/../../../../arm-none-eabi/lib/thumb/v7e-m+fp/hard\libm.a(libm_a-sf_scalbn.o)
 .ARM.attributes
                0x0000065b       0x34 G:/trueg/stm/STM32CubeIDE_1.16.0/STM32CubeIDE/plugins/com.st.stm32cube.ide.mcu.externaltools.gnu-tools-for-stm32.12.3.rel1.win32_1.0.200.202406191623/tools/bin/../lib/gcc/arm-none-eabi/12.3.1/../../../../arm-none-eabi/lib/thumb/v7e-m+fp/hard\libm.a(libm_a-sf_floor.o)
 .ARM.attributes
                0x0000068f       0x22 G:/trueg/stm/STM32CubeIDE_1.16.0/STM32CubeIDE/plugins/com.st.stm32cube.ide.mcu.externaltools.gnu-tools-for-stm32.12.3.rel1.win32_1.0.200.202406191623/tools/bin/../lib/gcc/arm-none-eabi/12.3.1/thumb/v7e-m+fp/hard\libgcc.a(_aeabi_uldivmod.o)
 .ARM.attributes
                0x000006b1       0x34 G:/trueg/stm/STM32CubeIDE_1.16.0/STM32CubeIDE/plugins/com.st.stm32cube.ide.mcu.externaltools.gnu-tools-for-stm32.12.3.rel1.win32_1.0.200.202406191623/tools/bin/../lib/gcc/arm-none-eabi/12.3.1/thumb/v7e-m+fp/hard\libgcc.a(_udivmoddi4.o)
 .ARM.attributes
                0x000006e5       0x22 G:/trueg/stm/STM32CubeIDE_1.16.0/STM32CubeIDE/plugins/com.st.stm32cube.ide.mcu.externaltools.gnu-tools-for-stm32.12.3.rel1.win32_1.0.200.202406191623/tools/bin/../lib/gcc/arm-none-eabi/12.3.1/thumb/v7e-m+fp/hard\libgcc.a(_dvmd_tls.o)
 .ARM.attributes
                0x00000707       0x22 G:/trueg/stm/STM32CubeIDE_1.16.0/STM32CubeIDE/plugins/com.st.stm32cube.ide.mcu.externaltools.gnu-tools-for-stm32.12.3.rel1.win32_1.0.200.202406191623/tools/bin/../lib/gcc/arm-none-eabi/12.3.1/thumb/v7e-m+fp/hard/crtn.o
OUTPUT(Projet_CIJ.elf elf32-littlearm)
LOAD linker stubs
LOAD G:/trueg/stm/STM32CubeIDE_1.16.0/STM32CubeIDE/plugins/com.st.stm32cube.ide.mcu.externaltools.gnu-tools-for-stm32.12.3.rel1.win32_1.0.200.202406191623/tools/bin/../lib/gcc/arm-none-eabi/12.3.1/../../../../arm-none-eabi/lib/thumb/v7e-m+fp/hard\libc.a
LOAD G:/trueg/stm/STM32CubeIDE_1.16.0/STM32CubeIDE/plugins/com.st.stm32cube.ide.mcu.externaltools.gnu-tools-for-stm32.12.3.rel1.win32_1.0.200.202406191623/tools/bin/../lib/gcc/arm-none-eabi/12.3.1/../../../../arm-none-eabi/lib/thumb/v7e-m+fp/hard\libm.a
LOAD G:/trueg/stm/STM32CubeIDE_1.16.0/STM32CubeIDE/plugins/com.st.stm32cube.ide.mcu.externaltools.gnu-tools-for-stm32.12.3.rel1.win32_1.0.200.202406191623/tools/bin/../lib/gcc/arm-none-eabi/12.3.1/thumb/v7e-m+fp/hard\libgcc.a

.debug_info     0x00000000    0x10ecf
 .debug_info    0x00000000      0xb6e ./Core/Src/dac.o
 .debug_info    0x00000b6e      0x4fb ./Core/Src/dma.o
 .debug_info    0x00001069      0x3f8 ./Core/Src/gpio.o
 .debug_info    0x00001461     0x13ce ./Core/Src/main.o
 .debug_info    0x0000282f      0x299 ./Core/Src/stm32f4xx_hal_msp.o
 .debug_info    0x00002ac8      0xb55 ./Core/Src/stm32f4xx_it.o
 .debug_info    0x0000361d      0x54a ./Core/Src/system_stm32f4xx.o
 .debug_info    0x00003b67      0xeb0 ./Core/Src/tim.o
 .debug_info    0x00004a17      0xbdb ./Core/Src/usart.o
 .debug_info    0x000055f2       0x30 ./Core/Startup/startup_stm32f446retx.o
 .debug_info    0x00005622      0x99a ./Drivers/STM32F4xx_HAL_Driver/Src/stm32f4xx_hal.o
 .debug_info    0x00005fbc      0xdaa ./Drivers/STM32F4xx_HAL_Driver/Src/stm32f4xx_hal_cortex.o
 .debug_info    0x00006d66      0xa01 ./Drivers/STM32F4xx_HAL_Driver/Src/stm32f4xx_hal_dac.o
 .debug_info    0x00007767      0x750 ./Drivers/STM32F4xx_HAL_Driver/Src/stm32f4xx_hal_dac_ex.o
 .debug_info    0x00007eb7      0x8e7 ./Drivers/STM32F4xx_HAL_Driver/Src/stm32f4xx_hal_dma.o
 .debug_info    0x0000879e      0x70b ./Drivers/STM32F4xx_HAL_Driver/Src/stm32f4xx_hal_gpio.o
 .debug_info    0x00008ea9      0x8ff ./Drivers/STM32F4xx_HAL_Driver/Src/stm32f4xx_hal_rcc.o
 .debug_info    0x000097a8      0x960 ./Drivers/STM32F4xx_HAL_Driver/Src/stm32f4xx_hal_rcc_ex.o
 .debug_info    0x0000a108     0x299d ./Drivers/STM32F4xx_HAL_Driver/Src/stm32f4xx_hal_tim.o
 .debug_info    0x0000caa5     0x14db ./Drivers/STM32F4xx_HAL_Driver/Src/stm32f4xx_hal_tim_ex.o
 .debug_info    0x0000df80     0x2f4f ./Drivers/STM32F4xx_HAL_Driver/Src/stm32f4xx_hal_uart.o

.debug_abbrev   0x00000000     0x29bb
 .debug_abbrev  0x00000000      0x22b ./Core/Src/dac.o
 .debug_abbrev  0x0000022b      0x10e ./Core/Src/dma.o
 .debug_abbrev  0x00000339      0x135 ./Core/Src/gpio.o
 .debug_abbrev  0x0000046e      0x323 ./Core/Src/main.o
 .debug_abbrev  0x00000791       0xd8 ./Core/Src/stm32f4xx_hal_msp.o
 .debug_abbrev  0x00000869      0x19b ./Core/Src/stm32f4xx_it.o
 .debug_abbrev  0x00000a04      0x11a ./Core/Src/system_stm32f4xx.o
 .debug_abbrev  0x00000b1e      0x23e ./Core/Src/tim.o
 .debug_abbrev  0x00000d5c      0x218 ./Core/Src/usart.o
 .debug_abbrev  0x00000f74       0x24 ./Core/Startup/startup_stm32f446retx.o
 .debug_abbrev  0x00000f98      0x214 ./Drivers/STM32F4xx_HAL_Driver/Src/stm32f4xx_hal.o
 .debug_abbrev  0x000011ac      0x31d ./Drivers/STM32F4xx_HAL_Driver/Src/stm32f4xx_hal_cortex.o
 .debug_abbrev  0x000014c9      0x1fa ./Drivers/STM32F4xx_HAL_Driver/Src/stm32f4xx_hal_dac.o
 .debug_abbrev  0x000016c3      0x1ef ./Drivers/STM32F4xx_HAL_Driver/Src/stm32f4xx_hal_dac_ex.o
 .debug_abbrev  0x000018b2      0x264 ./Drivers/STM32F4xx_HAL_Driver/Src/stm32f4xx_hal_dma.o
 .debug_abbrev  0x00001b16      0x1d4 ./Drivers/STM32F4xx_HAL_Driver/Src/stm32f4xx_hal_gpio.o
 .debug_abbrev  0x00001cea      0x2b7 ./Drivers/STM32F4xx_HAL_Driver/Src/stm32f4xx_hal_rcc.o
 .debug_abbrev  0x00001fa1      0x211 ./Drivers/STM32F4xx_HAL_Driver/Src/stm32f4xx_hal_rcc_ex.o
 .debug_abbrev  0x000021b2      0x278 ./Drivers/STM32F4xx_HAL_Driver/Src/stm32f4xx_hal_tim.o
 .debug_abbrev  0x0000242a      0x283 ./Drivers/STM32F4xx_HAL_Driver/Src/stm32f4xx_hal_tim_ex.o
 .debug_abbrev  0x000026ad      0x30e ./Drivers/STM32F4xx_HAL_Driver/Src/stm32f4xx_hal_uart.o

.debug_aranges  0x00000000      0xed8
 .debug_aranges
                0x00000000       0x30 ./Core/Src/dac.o
 .debug_aranges
                0x00000030       0x20 ./Core/Src/dma.o
 .debug_aranges
                0x00000050       0x20 ./Core/Src/gpio.o
 .debug_aranges
                0x00000070       0x78 ./Core/Src/main.o
 .debug_aranges
                0x000000e8       0x20 ./Core/Src/stm32f4xx_hal_msp.o
 .debug_aranges
                0x00000108       0x78 ./Core/Src/stm32f4xx_it.o
 .debug_aranges
                0x00000180       0x28 ./Core/Src/system_stm32f4xx.o
 .debug_aranges
                0x000001a8       0x50 ./Core/Src/tim.o
 .debug_aranges
                0x000001f8       0x30 ./Core/Src/usart.o
 .debug_aranges
                0x00000228       0x28 ./Core/Startup/startup_stm32f446retx.o
 .debug_aranges
                0x00000250       0xf0 ./Drivers/STM32F4xx_HAL_Driver/Src/stm32f4xx_hal.o
 .debug_aranges
                0x00000340      0x130 ./Drivers/STM32F4xx_HAL_Driver/Src/stm32f4xx_hal_cortex.o
 .debug_aranges
                0x00000470       0xc0 ./Drivers/STM32F4xx_HAL_Driver/Src/stm32f4xx_hal_dac.o
 .debug_aranges
                0x00000530       0x80 ./Drivers/STM32F4xx_HAL_Driver/Src/stm32f4xx_hal_dac_ex.o
 .debug_aranges
                0x000005b0       0x90 ./Drivers/STM32F4xx_HAL_Driver/Src/stm32f4xx_hal_dma.o
 .debug_aranges
                0x00000640       0x58 ./Drivers/STM32F4xx_HAL_Driver/Src/stm32f4xx_hal_gpio.o
 .debug_aranges
                0x00000698       0x88 ./Drivers/STM32F4xx_HAL_Driver/Src/stm32f4xx_hal_rcc.o
 .debug_aranges
                0x00000720       0x78 ./Drivers/STM32F4xx_HAL_Driver/Src/stm32f4xx_hal_rcc_ex.o
 .debug_aranges
                0x00000798      0x3d0 ./Drivers/STM32F4xx_HAL_Driver/Src/stm32f4xx_hal_tim.o
 .debug_aranges
                0x00000b68      0x168 ./Drivers/STM32F4xx_HAL_Driver/Src/stm32f4xx_hal_tim_ex.o
 .debug_aranges
                0x00000cd0      0x208 ./Drivers/STM32F4xx_HAL_Driver/Src/stm32f4xx_hal_uart.o

.debug_rnglists
                0x00000000      0xb7e
 .debug_rnglists
                0x00000000       0x20 ./Core/Src/dac.o
 .debug_rnglists
                0x00000020       0x13 ./Core/Src/dma.o
 .debug_rnglists
                0x00000033       0x14 ./Core/Src/gpio.o
 .debug_rnglists
                0x00000047       0x5b ./Core/Src/main.o
 .debug_rnglists
                0x000000a2       0x13 ./Core/Src/stm32f4xx_hal_msp.o
 .debug_rnglists
                0x000000b5       0x55 ./Core/Src/stm32f4xx_it.o
 .debug_rnglists
                0x0000010a       0x1a ./Core/Src/system_stm32f4xx.o
 .debug_rnglists
                0x00000124       0x38 ./Core/Src/tim.o
 .debug_rnglists
                0x0000015c       0x20 ./Core/Src/usart.o
 .debug_rnglists
                0x0000017c       0x19 ./Core/Startup/startup_stm32f446retx.o
 .debug_rnglists
                0x00000195       0xaf ./Drivers/STM32F4xx_HAL_Driver/Src/stm32f4xx_hal.o
 .debug_rnglists
                0x00000244       0xe0 ./Drivers/STM32F4xx_HAL_Driver/Src/stm32f4xx_hal_cortex.o
 .debug_rnglists
                0x00000324       0x90 ./Drivers/STM32F4xx_HAL_Driver/Src/stm32f4xx_hal_dac.o
 .debug_rnglists
                0x000003b4       0x5c ./Drivers/STM32F4xx_HAL_Driver/Src/stm32f4xx_hal_dac_ex.o
 .debug_rnglists
                0x00000410       0x70 ./Drivers/STM32F4xx_HAL_Driver/Src/stm32f4xx_hal_dma.o
 .debug_rnglists
                0x00000480       0x3f ./Drivers/STM32F4xx_HAL_Driver/Src/stm32f4xx_hal_gpio.o
 .debug_rnglists
                0x000004bf       0x66 ./Drivers/STM32F4xx_HAL_Driver/Src/stm32f4xx_hal_rcc.o
 .debug_rnglists
                0x00000525       0x5e ./Drivers/STM32F4xx_HAL_Driver/Src/stm32f4xx_hal_rcc_ex.o
 .debug_rnglists
                0x00000583      0x31a ./Drivers/STM32F4xx_HAL_Driver/Src/stm32f4xx_hal_tim.o
 .debug_rnglists
                0x0000089d      0x125 ./Drivers/STM32F4xx_HAL_Driver/Src/stm32f4xx_hal_tim_ex.o
 .debug_rnglists
                0x000009c2      0x1bc ./Drivers/STM32F4xx_HAL_Driver/Src/stm32f4xx_hal_uart.o

.debug_macro    0x00000000    0x22ea3
 .debug_macro   0x00000000      0x1fb ./Core/Src/dac.o
 .debug_macro   0x000001fb      0xab4 ./Core/Src/dac.o
 .debug_macro   0x00000caf      0x2a1 ./Core/Src/dac.o
 .debug_macro   0x00000f50       0x2e ./Core/Src/dac.o
 .debug_macro   0x00000f7e       0x28 ./Core/Src/dac.o
 .debug_macro   0x00000fa6       0x22 ./Core/Src/dac.o
 .debug_macro   0x00000fc8       0x8e ./Core/Src/dac.o
 .debug_macro   0x00001056       0x51 ./Core/Src/dac.o
 .debug_macro   0x000010a7      0x103 ./Core/Src/dac.o
 .debug_macro   0x000011aa       0x6a ./Core/Src/dac.o
 .debug_macro   0x00001214      0x1df ./Core/Src/dac.o
 .debug_macro   0x000013f3       0x1c ./Core/Src/dac.o
 .debug_macro   0x0000140f       0x22 ./Core/Src/dac.o
 .debug_macro   0x00001431       0xfb ./Core/Src/dac.o
 .debug_macro   0x0000152c     0x1011 ./Core/Src/dac.o
 .debug_macro   0x0000253d      0x11f ./Core/Src/dac.o
 .debug_macro   0x0000265c    0x1675e ./Core/Src/dac.o
 .debug_macro   0x00018dba       0x6d ./Core/Src/dac.o
 .debug_macro   0x00018e27     0x3693 ./Core/Src/dac.o
 .debug_macro   0x0001c4ba      0x189 ./Core/Src/dac.o
 .debug_macro   0x0001c643       0x5c ./Core/Src/dac.o
 .debug_macro   0x0001c69f      0xca5 ./Core/Src/dac.o
 .debug_macro   0x0001d344      0x9e9 ./Core/Src/dac.o
 .debug_macro   0x0001dd2d      0x115 ./Core/Src/dac.o
 .debug_macro   0x0001de42      0x1a0 ./Core/Src/dac.o
 .debug_macro   0x0001dfe2       0xa5 ./Core/Src/dac.o
 .debug_macro   0x0001e087      0x16d ./Core/Src/dac.o
 .debug_macro   0x0001e1f4      0x287 ./Core/Src/dac.o
 .debug_macro   0x0001e47b       0x5f ./Core/Src/dac.o
 .debug_macro   0x0001e4da      0x236 ./Core/Src/dac.o
 .debug_macro   0x0001e710      0x122 ./Core/Src/dac.o
 .debug_macro   0x0001e832       0xa6 ./Core/Src/dac.o
 .debug_macro   0x0001e8d8      0x132 ./Core/Src/dac.o
 .debug_macro   0x0001ea0a      0x29c ./Core/Src/dac.o
 .debug_macro   0x0001eca6       0x2e ./Core/Src/dac.o
 .debug_macro   0x0001ecd4      0x127 ./Core/Src/dac.o
 .debug_macro   0x0001edfb       0xe8 ./Core/Src/dac.o
 .debug_macro   0x0001eee3       0x89 ./Core/Src/dac.o
 .debug_macro   0x0001ef6c      0x8ed ./Core/Src/dac.o
 .debug_macro   0x0001f859       0x53 ./Core/Src/dac.o
 .debug_macro   0x0001f8ac      0x2aa ./Core/Src/dac.o
 .debug_macro   0x0001fb56      0x126 ./Core/Src/dac.o
 .debug_macro   0x0001fc7c       0x28 ./Core/Src/dac.o
 .debug_macro   0x0001fca4      0x1fb ./Core/Src/dma.o
 .debug_macro   0x0001fe9f      0x1fb ./Core/Src/gpio.o
 .debug_macro   0x0002009a      0x37c ./Core/Src/main.o
 .debug_macro   0x00020416       0x61 ./Core/Src/main.o
 .debug_macro   0x00020477       0x2a ./Core/Src/main.o
 .debug_macro   0x000204a1       0x43 ./Core/Src/main.o
 .debug_macro   0x000204e4       0x34 ./Core/Src/main.o
 .debug_macro   0x00020518       0x16 ./Core/Src/main.o
 .debug_macro   0x0002052e       0x43 ./Core/Src/main.o
 .debug_macro   0x00020571       0x34 ./Core/Src/main.o
 .debug_macro   0x000205a5       0x10 ./Core/Src/main.o
 .debug_macro   0x000205b5       0x58 ./Core/Src/main.o
 .debug_macro   0x0002060d       0x8e ./Core/Src/main.o
 .debug_macro   0x0002069b       0x1c ./Core/Src/main.o
 .debug_macro   0x000206b7      0x177 ./Core/Src/main.o
 .debug_macro   0x0002082e      0x369 ./Core/Src/main.o
 .debug_macro   0x00020b97      0x19b ./Core/Src/main.o
 .debug_macro   0x00020d32       0x16 ./Core/Src/main.o
 .debug_macro   0x00020d48       0x35 ./Core/Src/main.o
 .debug_macro   0x00020d7d       0x20 ./Core/Src/main.o
 .debug_macro   0x00020d9d       0x16 ./Core/Src/main.o
 .debug_macro   0x00020db3       0x16 ./Core/Src/main.o
 .debug_macro   0x00020dc9       0x29 ./Core/Src/main.o
 .debug_macro   0x00020df2       0x1c ./Core/Src/main.o
 .debug_macro   0x00020e0e       0x10 ./Core/Src/main.o
 .debug_macro   0x00020e1e       0x1c ./Core/Src/main.o
 .debug_macro   0x00020e3a       0x16 ./Core/Src/main.o
 .debug_macro   0x00020e50      0x146 ./Core/Src/main.o
 .debug_macro   0x00020f96      0x1f1 ./Core/Src/stm32f4xx_hal_msp.o
 .debug_macro   0x00021187      0x1fb ./Core/Src/stm32f4xx_it.o
 .debug_macro   0x00021382      0x1e2 ./Core/Src/system_stm32f4xx.o
 .debug_macro   0x00021564      0x1fb ./Core/Src/tim.o
 .debug_macro   0x0002175f      0x1fb ./Core/Src/usart.o
 .debug_macro   0x0002195a      0x242 ./Drivers/STM32F4xx_HAL_Driver/Src/stm32f4xx_hal.o
 .debug_macro   0x00021b9c      0x1e2 ./Drivers/STM32F4xx_HAL_Driver/Src/stm32f4xx_hal_cortex.o
 .debug_macro   0x00021d7e      0x1e3 ./Drivers/STM32F4xx_HAL_Driver/Src/stm32f4xx_hal_dac.o
 .debug_macro   0x00021f61      0x1e2 ./Drivers/STM32F4xx_HAL_Driver/Src/stm32f4xx_hal_dac_ex.o
 .debug_macro   0x00022143      0x1e8 ./Drivers/STM32F4xx_HAL_Driver/Src/stm32f4xx_hal_dma.o
 .debug_macro   0x0002232b      0x1e8 ./Drivers/STM32F4xx_HAL_Driver/Src/stm32f4xx_hal_gpio.o
 .debug_macro   0x00022513      0x206 ./Drivers/STM32F4xx_HAL_Driver/Src/stm32f4xx_hal_rcc.o
 .debug_macro   0x00022719      0x1e2 ./Drivers/STM32F4xx_HAL_Driver/Src/stm32f4xx_hal_rcc_ex.o
 .debug_macro   0x000228fb      0x1e3 ./Drivers/STM32F4xx_HAL_Driver/Src/stm32f4xx_hal_tim.o
 .debug_macro   0x00022ade      0x1e2 ./Drivers/STM32F4xx_HAL_Driver/Src/stm32f4xx_hal_tim_ex.o
 .debug_macro   0x00022cc0      0x1e3 ./Drivers/STM32F4xx_HAL_Driver/Src/stm32f4xx_hal_uart.o

.debug_line     0x00000000    0x13376
 .debug_line    0x00000000      0x7f2 ./Core/Src/dac.o
 .debug_line    0x000007f2      0x767 ./Core/Src/dma.o
 .debug_line    0x00000f59      0x777 ./Core/Src/gpio.o
 .debug_line    0x000016d0      0xd58 ./Core/Src/main.o
 .debug_line    0x00002428      0x76c ./Core/Src/stm32f4xx_hal_msp.o
 .debug_line    0x00002b94      0x877 ./Core/Src/stm32f4xx_it.o
 .debug_line    0x0000340b      0x7e1 ./Core/Src/system_stm32f4xx.o
 .debug_line    0x00003bec      0x88a ./Core/Src/tim.o
 .debug_line    0x00004476      0x7d8 ./Core/Src/usart.o
 .debug_line    0x00004c4e       0x7a ./Core/Startup/startup_stm32f446retx.o
 .debug_line    0x00004cc8      0xa59 ./Drivers/STM32F4xx_HAL_Driver/Src/stm32f4xx_hal.o
 .debug_line    0x00005721      0xd4b ./Drivers/STM32F4xx_HAL_Driver/Src/stm32f4xx_hal_cortex.o
 .debug_line    0x0000646c      0xbcc ./Drivers/STM32F4xx_HAL_Driver/Src/stm32f4xx_hal_dac.o
 .debug_line    0x00007038      0x9b4 ./Drivers/STM32F4xx_HAL_Driver/Src/stm32f4xx_hal_dac_ex.o
 .debug_line    0x000079ec      0xfc9 ./Drivers/STM32F4xx_HAL_Driver/Src/stm32f4xx_hal_dma.o
 .debug_line    0x000089b5      0xbd1 ./Drivers/STM32F4xx_HAL_Driver/Src/stm32f4xx_hal_gpio.o
 .debug_line    0x00009586      0xdf0 ./Drivers/STM32F4xx_HAL_Driver/Src/stm32f4xx_hal_rcc.o
 .debug_line    0x0000a376     0x1460 ./Drivers/STM32F4xx_HAL_Driver/Src/stm32f4xx_hal_rcc_ex.o
 .debug_line    0x0000b7d6     0x37f5 ./Drivers/STM32F4xx_HAL_Driver/Src/stm32f4xx_hal_tim.o
 .debug_line    0x0000efcb     0x1a4f ./Drivers/STM32F4xx_HAL_Driver/Src/stm32f4xx_hal_tim_ex.o
 .debug_line    0x00010a1a     0x295c ./Drivers/STM32F4xx_HAL_Driver/Src/stm32f4xx_hal_uart.o

.debug_str      0x00000000    0xd2ea5
 .debug_str     0x00000000    0xcb31c ./Core/Src/dac.o
                              0xcb614 (size before relaxing)
 .debug_str     0x000cb31c       0x29 ./Core/Src/dma.o
                              0xcb12b (size before relaxing)
 .debug_str     0x000cb345       0x2c ./Core/Src/gpio.o
                              0xcac5c (size before relaxing)
 .debug_str     0x000cb371     0x48aa ./Core/Src/main.o
                              0xcf91b (size before relaxing)
 .debug_str     0x000cfc1b       0x2c ./Core/Src/stm32f4xx_hal_msp.o
                              0xcabcd (size before relaxing)
 .debug_str     0x000cfc47      0x154 ./Core/Src/stm32f4xx_it.o
                              0xcb434 (size before relaxing)
 .debug_str     0x000cfd9b       0xdb ./Core/Src/system_stm32f4xx.o
                              0xcabf5 (size before relaxing)
 .debug_str     0x000cfe76      0x1b5 ./Core/Src/tim.o
                              0xcb8eb (size before relaxing)
 .debug_str     0x000d002b       0x65 ./Core/Src/usart.o
                              0xcb6ca (size before relaxing)
 .debug_str     0x000d0090       0x44 ./Core/Startup/startup_stm32f446retx.o
                                 0x68 (size before relaxing)
 .debug_str     0x000d00d4      0x617 ./Drivers/STM32F4xx_HAL_Driver/Src/stm32f4xx_hal.o
                              0xcb7ba (size before relaxing)
 .debug_str     0x000d06eb      0x36b ./Drivers/STM32F4xx_HAL_Driver/Src/stm32f4xx_hal_cortex.o
                              0xcb511 (size before relaxing)
 .debug_str     0x000d0a56      0x1ee ./Drivers/STM32F4xx_HAL_Driver/Src/stm32f4xx_hal_dac.o
                              0xcb052 (size before relaxing)
 .debug_str     0x000d0c44      0x131 ./Drivers/STM32F4xx_HAL_Driver/Src/stm32f4xx_hal_dac_ex.o
                              0xcaf2d (size before relaxing)
 .debug_str     0x000d0d75      0x2cd ./Drivers/STM32F4xx_HAL_Driver/Src/stm32f4xx_hal_dma.o
                              0xcafea (size before relaxing)
 .debug_str     0x000d1042      0x15d ./Drivers/STM32F4xx_HAL_Driver/Src/stm32f4xx_hal_gpio.o
                              0xcad70 (size before relaxing)
 .debug_str     0x000d119f      0x233 ./Drivers/STM32F4xx_HAL_Driver/Src/stm32f4xx_hal_rcc.o
                              0xcb02e (size before relaxing)
 .debug_str     0x000d13d2      0x31c ./Drivers/STM32F4xx_HAL_Driver/Src/stm32f4xx_hal_rcc_ex.o
                              0xcb061 (size before relaxing)
 .debug_str     0x000d16ee      0xd54 ./Drivers/STM32F4xx_HAL_Driver/Src/stm32f4xx_hal_tim.o
                              0xcbf5a (size before relaxing)
 .debug_str     0x000d2442      0x493 ./Drivers/STM32F4xx_HAL_Driver/Src/stm32f4xx_hal_tim_ex.o
                              0xcb766 (size before relaxing)
 .debug_str     0x000d28d5      0x5d0 ./Drivers/STM32F4xx_HAL_Driver/Src/stm32f4xx_hal_uart.o
                              0xcb5e5 (size before relaxing)

.comment        0x00000000       0x43
 .comment       0x00000000       0x43 ./Core/Src/dac.o
                                 0x44 (size before relaxing)
 .comment       0x00000043       0x44 ./Core/Src/dma.o
 .comment       0x00000043       0x44 ./Core/Src/gpio.o
 .comment       0x00000043       0x44 ./Core/Src/main.o
 .comment       0x00000043       0x44 ./Core/Src/stm32f4xx_hal_msp.o
 .comment       0x00000043       0x44 ./Core/Src/stm32f4xx_it.o
 .comment       0x00000043       0x44 ./Core/Src/system_stm32f4xx.o
 .comment       0x00000043       0x44 ./Core/Src/tim.o
 .comment       0x00000043       0x44 ./Core/Src/usart.o
 .comment       0x00000043       0x44 ./Drivers/STM32F4xx_HAL_Driver/Src/stm32f4xx_hal.o
 .comment       0x00000043       0x44 ./Drivers/STM32F4xx_HAL_Driver/Src/stm32f4xx_hal_cortex.o
 .comment       0x00000043       0x44 ./Drivers/STM32F4xx_HAL_Driver/Src/stm32f4xx_hal_dac.o
 .comment       0x00000043       0x44 ./Drivers/STM32F4xx_HAL_Driver/Src/stm32f4xx_hal_dac_ex.o
 .comment       0x00000043       0x44 ./Drivers/STM32F4xx_HAL_Driver/Src/stm32f4xx_hal_dma.o
 .comment       0x00000043       0x44 ./Drivers/STM32F4xx_HAL_Driver/Src/stm32f4xx_hal_gpio.o
 .comment       0x00000043       0x44 ./Drivers/STM32F4xx_HAL_Driver/Src/stm32f4xx_hal_rcc.o
 .comment       0x00000043       0x44 ./Drivers/STM32F4xx_HAL_Driver/Src/stm32f4xx_hal_rcc_ex.o
 .comment       0x00000043       0x44 ./Drivers/STM32F4xx_HAL_Driver/Src/stm32f4xx_hal_tim.o
 .comment       0x00000043       0x44 ./Drivers/STM32F4xx_HAL_Driver/Src/stm32f4xx_hal_tim_ex.o
 .comment       0x00000043       0x44 ./Drivers/STM32F4xx_HAL_Driver/Src/stm32f4xx_hal_uart.o

.debug_frame    0x00000000     0x3ebc
 .debug_frame   0x00000000       0x7c ./Core/Src/dac.o
 .debug_frame   0x0000007c       0x34 ./Core/Src/dma.o
 .debug_frame   0x000000b0       0x34 ./Core/Src/gpio.o
 .debug_frame   0x000000e4      0x1c8 ./Core/Src/main.o
 .debug_frame   0x000002ac       0x38 ./Core/Src/stm32f4xx_hal_msp.o
 .debug_frame   0x000002e4      0x158 ./Core/Src/stm32f4xx_it.o
 .debug_frame   0x0000043c       0x58 ./Core/Src/system_stm32f4xx.o
 .debug_frame   0x00000494      0x118 ./Core/Src/tim.o
 .debug_frame   0x000005ac       0x74 ./Core/Src/usart.o
 .debug_frame   0x00000620      0x374 ./Drivers/STM32F4xx_HAL_Driver/Src/stm32f4xx_hal.o
 .debug_frame   0x00000994      0x508 ./Drivers/STM32F4xx_HAL_Driver/Src/stm32f4xx_hal_cortex.o
 .debug_frame   0x00000e9c      0x338 ./Drivers/STM32F4xx_HAL_Driver/Src/stm32f4xx_hal_dac.o
 .debug_frame   0x000011d4      0x20c ./Drivers/STM32F4xx_HAL_Driver/Src/stm32f4xx_hal_dac_ex.o
 .debug_frame   0x000013e0      0x250 ./Drivers/STM32F4xx_HAL_Driver/Src/stm32f4xx_hal_dma.o
 .debug_frame   0x00001630      0x14c ./Drivers/STM32F4xx_HAL_Driver/Src/stm32f4xx_hal_gpio.o
 .debug_frame   0x0000177c      0x1f4 ./Drivers/STM32F4xx_HAL_Driver/Src/stm32f4xx_hal_rcc.o
 .debug_frame   0x00001970      0x1e8 ./Drivers/STM32F4xx_HAL_Driver/Src/stm32f4xx_hal_rcc_ex.o
 .debug_frame   0x00001b58     0x11c0 ./Drivers/STM32F4xx_HAL_Driver/Src/stm32f4xx_hal_tim.o
 .debug_frame   0x00002d18      0x638 ./Drivers/STM32F4xx_HAL_Driver/Src/stm32f4xx_hal_tim_ex.o
 .debug_frame   0x00003350      0x954 ./Drivers/STM32F4xx_HAL_Driver/Src/stm32f4xx_hal_uart.o
 .debug_frame   0x00003ca4       0x20 G:/trueg/stm/STM32CubeIDE_1.16.0/STM32CubeIDE/plugins/com.st.stm32cube.ide.mcu.externaltools.gnu-tools-for-stm32.12.3.rel1.win32_1.0.200.202406191623/tools/bin/../lib/gcc/arm-none-eabi/12.3.1/../../../../arm-none-eabi/lib/thumb/v7e-m+fp/hard\libc_nano.a(libc_a-memset.o)
 .debug_frame   0x00003cc4       0x2c G:/trueg/stm/STM32CubeIDE_1.16.0/STM32CubeIDE/plugins/com.st.stm32cube.ide.mcu.externaltools.gnu-tools-for-stm32.12.3.rel1.win32_1.0.200.202406191623/tools/bin/../lib/gcc/arm-none-eabi/12.3.1/../../../../arm-none-eabi/lib/thumb/v7e-m+fp/hard\libc_nano.a(libc_a-init.o)
 .debug_frame   0x00003cf0       0x38 G:/trueg/stm/STM32CubeIDE_1.16.0/STM32CubeIDE/plugins/com.st.stm32cube.ide.mcu.externaltools.gnu-tools-for-stm32.12.3.rel1.win32_1.0.200.202406191623/tools/bin/../lib/gcc/arm-none-eabi/12.3.1/../../../../arm-none-eabi/lib/thumb/v7e-m+fp/hard\libm.a(libm_a-sf_sin.o)
 .debug_frame   0x00003d28       0x20 G:/trueg/stm/STM32CubeIDE_1.16.0/STM32CubeIDE/plugins/com.st.stm32cube.ide.mcu.externaltools.gnu-tools-for-stm32.12.3.rel1.win32_1.0.200.202406191623/tools/bin/../lib/gcc/arm-none-eabi/12.3.1/../../../../arm-none-eabi/lib/thumb/v7e-m+fp/hard\libm.a(libm_a-kf_cos.o)
 .debug_frame   0x00003d48       0x20 G:/trueg/stm/STM32CubeIDE_1.16.0/STM32CubeIDE/plugins/com.st.stm32cube.ide.mcu.externaltools.gnu-tools-for-stm32.12.3.rel1.win32_1.0.200.202406191623/tools/bin/../lib/gcc/arm-none-eabi/12.3.1/../../../../arm-none-eabi/lib/thumb/v7e-m+fp/hard\libm.a(libm_a-kf_sin.o)
 .debug_frame   0x00003d68       0x38 G:/trueg/stm/STM32CubeIDE_1.16.0/STM32CubeIDE/plugins/com.st.stm32cube.ide.mcu.externaltools.gnu-tools-for-stm32.12.3.rel1.win32_1.0.200.202406191623/tools/bin/../lib/gcc/arm-none-eabi/12.3.1/../../../../arm-none-eabi/lib/thumb/v7e-m+fp/hard\libm.a(libm_a-ef_rem_pio2.o)
 .debug_frame   0x00003da0       0x20 G:/trueg/stm/STM32CubeIDE_1.16.0/STM32CubeIDE/plugins/com.st.stm32cube.ide.mcu.externaltools.gnu-tools-for-stm32.12.3.rel1.win32_1.0.200.202406191623/tools/bin/../lib/gcc/arm-none-eabi/12.3.1/../../../../arm-none-eabi/lib/thumb/v7e-m+fp/hard\libm.a(libm_a-sf_fabs.o)
 .debug_frame   0x00003dc0       0x5c G:/trueg/stm/STM32CubeIDE_1.16.0/STM32CubeIDE/plugins/com.st.stm32cube.ide.mcu.externaltools.gnu-tools-for-stm32.12.3.rel1.win32_1.0.200.202406191623/tools/bin/../lib/gcc/arm-none-eabi/12.3.1/../../../../arm-none-eabi/lib/thumb/v7e-m+fp/hard\libm.a(libm_a-kf_rem_pio2.o)
 .debug_frame   0x00003e1c       0x20 G:/trueg/stm/STM32CubeIDE_1.16.0/STM32CubeIDE/plugins/com.st.stm32cube.ide.mcu.externaltools.gnu-tools-for-stm32.12.3.rel1.win32_1.0.200.202406191623/tools/bin/../lib/gcc/arm-none-eabi/12.3.1/../../../../arm-none-eabi/lib/thumb/v7e-m+fp/hard\libm.a(libm_a-sf_scalbn.o)
 .debug_frame   0x00003e3c       0x20 G:/trueg/stm/STM32CubeIDE_1.16.0/STM32CubeIDE/plugins/com.st.stm32cube.ide.mcu.externaltools.gnu-tools-for-stm32.12.3.rel1.win32_1.0.200.202406191623/tools/bin/../lib/gcc/arm-none-eabi/12.3.1/../../../../arm-none-eabi/lib/thumb/v7e-m+fp/hard\libm.a(libm_a-sf_floor.o)
 .debug_frame   0x00003e5c       0x2c G:/trueg/stm/STM32CubeIDE_1.16.0/STM32CubeIDE/plugins/com.st.stm32cube.ide.mcu.externaltools.gnu-tools-for-stm32.12.3.rel1.win32_1.0.200.202406191623/tools/bin/../lib/gcc/arm-none-eabi/12.3.1/thumb/v7e-m+fp/hard\libgcc.a(_aeabi_uldivmod.o)
 .debug_frame   0x00003e88       0x34 G:/trueg/stm/STM32CubeIDE_1.16.0/STM32CubeIDE/plugins/com.st.stm32cube.ide.mcu.externaltools.gnu-tools-for-stm32.12.3.rel1.win32_1.0.200.202406191623/tools/bin/../lib/gcc/arm-none-eabi/12.3.1/thumb/v7e-m+fp/hard\libgcc.a(_udivmoddi4.o)

.debug_line_str
                0x00000000       0x4c
 .debug_line_str
                0x00000000       0x4c ./Core/Startup/startup_stm32f446retx.o
